[2026-02-05T00:21:38+08:00][info] 整单退款状态判断: order_id=287, pay_price=0.04, total_refund=0.04, refund_status=1
[2026-02-05T00:21:38+08:00][info] 开始处理退款: {"order_id":285,"order_no":"wx750486104150376448","pay_type":"ums","pay_price":"0.07","online_pay_price":"0.07","balance_pay_price":"0.00","welfare_pay_price":"0.00","pay_type_detail":"empty","refund_price":"0.04"}
[2026-02-05T00:21:38+08:00][info] 进入单一支付方式退款流程,pay_type: ums
[2026-02-05T00:21:38+08:00][info] 匹配到银联支付退款 case, pay_type: ums
[2026-02-05T00:21:38+08:00][info] isH5Payment判断 - order_id=wx750486104150376448, pay_type=ums, pay_channel=, pay_type_detail="N\/A"
[2026-02-05T00:21:38+08:00][info] isH5Payment判断结果: false
[2026-02-05T00:21:38+08:00][info] 退款使用配置类型: mini
[2026-02-05T00:21:38+08:00][info] 子订单退款，构建单个子订单退款数据
[2026-02-05T00:21:38+08:00][info] 子订单 wx750486104150376448_2 开始构建单个子订单退款分账数据, 供应商ID=3, 退款金额=0.04
[2026-02-05T00:21:38+08:00][info] 子订单 wx750486104150376448_2 使用订单号查询到分账记录数: 1
[2026-02-05T00:21:38+08:00][info] 子订单 wx750486104150376448_2 分账记录[0]: id=114, type=online, share=0.03, platform=0.01, total=0.04
[2026-02-05T00:21:38+08:00][info] 子订单 wx750486104150376448_2 处理分账记录: type=online, share=0.03, platform=0.01, total=0.04
[2026-02-05T00:21:38+08:00][info] 子订单 wx750486104150376448_2 汇总结果: 供应商在线=0.03, 平台在线=0.01, 总在线=0.04
[2026-02-05T00:21:38+08:00][info] 子订单 wx750486104150376448_2 支付时分账明细: 供应商在线=0.03, 平台在线=0.01, 总在线=0.04, 补贴=0.00
[2026-02-05T00:21:38+08:00][info] 子订单 wx750486104150376448_2 已退款金额: 供应商=0, 平台=0
[2026-02-05T00:21:38+08:00][info] 子订单 wx750486104150376448_2 剩余可退金额: 供应商=0.03, 平台=0.01, 总计=0.04
[2026-02-05T00:21:38+08:00][info] 子订单 wx750486104150376448_2 退款分配: 供应商=0.03, 平台=0.01, 比例=1.000000
[2026-02-05T00:21:38+08:00][info] 子订单 wx750486104150376448_2 添加供应商退款分账: 金额=0.03元, 子订单号=3HD3SUB_wx750486104150376448_3
[2026-02-05T00:21:38+08:00][info] 子订单 wx750486104150376448_2 添加平台退款分账: 金额=0.01元, 子订单号=PLAT_wx750486104150376448, 主订单=wx750486104150376448
[2026-02-05T00:21:38+08:00][info] 子订单 wx750486104150376448_2 单个子订单退款分账数据构建成功: 供应商=小圆供应商, 请求退款=0.04元, 实际退款=0.04元, 子订单数=2
[2026-02-05T00:21:38+08:00][info] 银联退款参数 - 业务订单号: wx750486104150376448, 实际支付单号: 3HD3wx750486104150376448_1, 退款单号: wx750486104150376448_2400, 订单总金额: 0.07, 退款金额: 0.04, instMid: 
[2026-02-05T00:21:38+08:00][info] 分账退款数据: {"platformAmount":0,"subOrders":[{"mid":"898310100011808","merOrderId":"3HD3SUB_wx750486104150376448_3","totalAmount":"3"},{"mid":"898310100011808","merOrderId":"PLAT_wx750486104150376448","totalAmount":"1"}]}
[2026-02-05T00:21:38+08:00][info] === 银联商务支付初始化 ===
[2026-02-05T00:21:38+08:00][info] 支付类型: mini
[2026-02-05T00:21:38+08:00][info] AppId: 8a81c1bd96cf23aa019b078242721f2a
[2026-02-05T00:21:38+08:00][info] 商户号: 898310100010854
[2026-02-05T00:21:38+08:00][info] 终端号: 41AUZ7C6
[2026-02-05T00:21:38+08:00][info] API地址: https://api-mop.chinaums.com
[2026-02-05T00:21:38+08:00][info] 环境: 生产
[2026-02-05T00:21:38+08:00][info] === 银联退款 ===
[2026-02-05T00:21:38+08:00][info] 原订单号: 3HD3wx750486104150376448_1
[2026-02-05T00:21:38+08:00][info] 退款订单号: wx750486104150376448_2400
[2026-02-05T00:21:38+08:00][info] 订单总金额: 0.07元
[2026-02-05T00:21:38+08:00][info] 退款金额: 0.04元
[2026-02-05T00:21:38+08:00][info] 分账退款数据: {"platformAmount":0,"subOrders":[{"mid":"898310100011808","merOrderId":"3HD3SUB_wx750486104150376448_3","totalAmount":"3"},{"mid":"898310100011808","merOrderId":"PLAT_wx750486104150376448","totalAmount":"1"}]}
[2026-02-05T00:21:38+08:00][info] 银联订单号: 3HD3wx750486104150376448_1
[2026-02-05T00:21:38+08:00][info] 银联退款订单号: 3HD3wx750486104150376448_2400
[2026-02-05T00:21:38+08:00][info] 订单总金额(分): 7
[2026-02-05T00:21:38+08:00][info] 退款金额(分): 4
[2026-02-05T00:21:38+08:00][info] 分账退款子订单: [{"mid":"898310100011808","merOrderId":"3HD3SUB_wx750486104150376448_3","totalAmount":"3"},{"mid":"898310100011808","merOrderId":"3HD3PLAT_wx750486104150376448","totalAmount":"1"}]
[2026-02-05T00:21:38+08:00][info] 请求参数: {"requestTimestamp":"2026-02-05 00:21:38","mid":"898310100010854","tid":"41AUZ7C6","merOrderId":"3HD3wx750486104150376448_1","refundOrderId":"3HD3wx750486104150376448_2400","refundAmount":"4","totalAmount":"7","orderDesc":"订单退款","platformAmount":0,"subOrders":[{"mid":"898310100011808","merOrderId":"3HD3SUB_wx750486104150376448_3","totalAmount":"3"},{"mid":"898310100011808","merOrderId":"3HD3PLAT_wx750486104150376448","totalAmount":"1"}]}
[2026-02-05T00:21:38+08:00][info] 报文体: {"requestTimestamp":"2026-02-05 00:21:38","mid":"898310100010854","tid":"41AUZ7C6","merOrderId":"3HD3wx750486104150376448_1","refundOrderId":"3HD3wx750486104150376448_2400","refundAmount":"4","totalAmount":"7","orderDesc":"\u8ba2\u5355\u9000\u6b3e","platformAmount":0,"subOrders":[{"mid":"898310100011808","merOrderId":"3HD3SUB_wx750486104150376448_3","totalAmount":"3"},{"mid":"898310100011808","merOrderId":"3HD3PLAT_wx750486104150376448","totalAmount":"1"}]}
[2026-02-05T00:21:38+08:00][info] 报文体SHA256: 3b277fe7da2354ddf3a528981a3a5c5929946275e471c7370c141be94ed618a5
[2026-02-05T00:21:38+08:00][info] 签名原串: 8a81c1bd96cf23aa019b078242721f2a20260205002138694dbf150e7f01a3048285369b62ba313b277fe7da2354ddf3a528981a3a5c5929946275e471c7370c141be94ed618a5
[2026-02-05T00:21:38+08:00][info] 签名结果: U5S2Bsy4Han6dWk15FOzwDFYdUPIeJzqvJGYMJbf+Ok=
[2026-02-05T00:21:38+08:00][info] Authorization: OPEN-BODY-SIG AppId="8a81c1bd96cf23aa019b078242721f2a",Timestamp="20260205002138",Nonce="694dbf150e7f01a3048285369b62ba31",Signature="U5S2Bsy4Han6dWk15FOzwDFYdUPIeJzqvJGYMJbf+Ok="
[2026-02-05T00:21:39+08:00][info] 响应数据: {"payTime":"2026-02-05 00:21:38","connectSys":"UNIONPAY","merName":"香溢乐享优选","mid":"898310100010854","refundStatus":"SUCCESS","settleDate":"2026-02-05","sendBackAmount":4,"tid":"41AUZ7C6","refundTargetOrderId":"50100806362026020591904342960","refundFundsDesc":"现金退款0.04元。","refundFunds":"现金:4","targetMid":"842088674","cardAttr":"DEBIT_CARD","targetStatus":"SUCCESS|SUCCESS","seqId":"56700047357N","merOrderId":"3HD3wx750486104150376448_1","targetSys":"WXPay","bankInfo":"招商银行(借记卡)","delegatedFlag":"N","settleRefId":"56699495991N","refundOrderId":"3HD3wx750486104150376448_2400","totalAmount":4,"refundInvoiceAmount":4,"chnlCost":"758","responseTimestamp":"2026-02-05 00:21:39","errCode":"SUCCESS","status":"TRADE_SUCCESS"}
[2026-02-05T00:21:39+08:00][info] 银联退款返回结果: {"refundOrderId":"3HD3wx750486104150376448_2400","refundAmount":"4","status":"SUCCESS"}
[2026-02-05T00:21:39+08:00][info] 银联退款调用成功
[2026-02-05T00:21:39+08:00][info] === 触发 order.refund 事件 ===
[2026-02-05T00:21:39+08:00][info] refundData: {"pay_price":"0.07","refund_price":"0.04","refund_welfare_price":0,"refund_id":"wx750486104150376448_2400"}
[2026-02-05T00:21:39+08:00][info] order: {"id":287,"type":0,"pid":285,"order_id":"wx750486104150376448_2","trade_no":"4200002999202602047503236442","supplier_id":3,"store_id":0,"uid":4,"real_name":"张三","user_phone":"18930523085","province":"","user_address":"广东省 广州市 海珠区  新港中路397号","user_location":" ","cart_id":["750486152728805376"],"pink_id":0,"activity_id":0,"activity_append":"","freight_price":"0.00","total_num":1,"total_price":"0.04","total_postage":"0.00","pay_price":"0.04","settle_price":"0.03","welfare_pay_price":"0.00","balance_pay_price":"0.00","online_pay_price":"0.04","pay_postage":"0.00","pay_integral":0,"deduction_price":"0.00","coupon_id":0,"coupon_price":"0.00","promotions_price":"0.00","first_order_price":"0.00","change_price":"0.00","gain_integral":"0.00","use_integral":"0.00","back_integral":"0.00","shipping_type":1,"verify_code":"","paid":1,"status":0,"mark":"","remark":"","is_channel":1,"channel_type":"routine","is_remind":0,"is_del":0,"is_system_del":0,"pay_type":"ums","pay_channel":"","pay_type_detail":null,"pay_time":1770216240,"add_time":1770216230,"refund_status":1,"refund_type":6,"refund_express":"","refund_reason_wap_img":null,"refund_reason_wap_explain":"","refund_reason_time":0,"refund_reason_wap":"","refund_reason":"","refund_price":"0.00","delivery_name":"","delivery_code":"","delivery_type":"","delivery_id":"","fictitious_content":"","delivery_uid":0,"express_dump":null,"kuaidi_label":"","spread_uid":0,"spread_two_uid":0,"one_brokerage":"0.00","two_brokerage":"0.00","unique":"750486152720416768","mer_id":0,"cost":"0.03","staff_id":0,"clerk_id":0,"product_type":0,"virtual_info":[],"custom_form":[],"promotions_give":{"give_integral":0,"give_coupon":[],"give_product":[],"promotions":[]},"give_integral":0,"give_coupon":[],"erp_id":0,"erp_order_id":"","kuaidi_task_id":"","kuaidi_order_id":0,"is_stock_up":0,"division_id":0,"division_brokerage":"0.00","division_agent_id":0,"division_agent_brokerage":"0.00","division_staff_id":0,"division_staff_brokerage":"0.00","channel_price":"0.00","is_send_gift":0,"send_gift_price":"0.00","send_gift_mark":"","receive_gift_uid":0,"channel":0,"combination_pay_status":"","pay_attempt_count":1,"actual_pay_order_id":"3HD3wx750486104150376448_1"}
[2026-02-05T00:21:39+08:00][info] ########################################
[2026-02-05T00:21:39+08:00][info] ### 退款监听器被触发 ###
[2026-02-05T00:21:39+08:00][info] ########################################
[2026-02-05T00:21:39+08:00][info] 订单号: wx750486104150376448_2
[2026-02-05T00:21:39+08:00][info] 订单ID: 287
[2026-02-05T00:21:39+08:00][info] 供应商ID: 3
[2026-02-05T00:21:39+08:00][info] 退款金额: 0.04
[2026-02-05T00:21:39+08:00][info] 退款数据: {"pay_price":"0.07","refund_price":"0.04","refund_welfare_price":0,"refund_id":"wx750486104150376448_2400"}
[2026-02-05T00:21:39+08:00][info] >>> 检测到供应商订单，开始处理供应商退款流水
[2026-02-05T00:21:39+08:00][info] 准备调用 createCombinationRefundFlowingWater: refund_price=0.04, refund_amounts=[]
[2026-02-05T00:21:39+08:00][info] ========================================
[2026-02-05T00:21:39+08:00][info] === 开始创建供应商退款流水 ===
[2026-02-05T00:21:39+08:00][info] 订单号: wx750486104150376448_2
[2026-02-05T00:21:39+08:00][info] 供应商ID: 3
[2026-02-05T00:21:39+08:00][info] 退款金额: 0.04
[2026-02-05T00:21:39+08:00][info] 各支付方式实际退款金额: []
[2026-02-05T00:21:39+08:00][info] === 订单支付信息 ===
[2026-02-05T00:21:39+08:00][info] 订单总金额(原始pay_price): 0.04
[2026-02-05T00:21:39+08:00][info] 供应商结算价: 0.03
[2026-02-05T00:21:39+08:00][info] 是否子订单: 是
[2026-02-05T00:21:39+08:00][info] 检测到子订单号，使用子订单号查询收入流水: wx750486104150376448_2
[2026-02-05T00:21:39+08:00][info] === 查询订单收入流水 ===
[2026-02-05T00:21:39+08:00][info] 查询link_id: wx750486104150376448_2
[2026-02-05T00:21:39+08:00][info] 使用子订单号查询到收入流水: wx750486104150376448_2
[2026-02-05T00:21:39+08:00][info] 找到 1 条收入流水记录
[2026-02-05T00:21:39+08:00][info] 流水ID: 148, 支付方式: weixin, 金额: 0.03, 状态: 2, 分账状态: 0
[2026-02-05T00:21:39+08:00][info] 收入流水总金额: 0.03
[2026-02-05T00:21:39+08:00][info] === 新方案：计算责任分担 ===
[2026-02-05T00:21:39+08:00][info] 退款金额: 0.04
[2026-02-05T00:21:39+08:00][info] 结算比例: 1.0000
[2026-02-05T00:21:39+08:00][info] 供应商应扣（责任）: 0.04
[2026-02-05T00:21:39+08:00][info] 平台应扣（责任）: 0.00
[2026-02-05T00:21:39+08:00][info] 查询分账记录: order_no=wx750486104150376448_2, 找到 1 条
[2026-02-05T00:21:39+08:00][info] 分账记录: division_type=online, share_amount=0.03, remarks=, inferred_pay_type=weixin
[2026-02-05T00:21:39+08:00][info] 分账余额总计: 0.03
[2026-02-05T00:21:39+08:00][info] 分配供应商扣减: division_type=online, pay_type=weixin, ratio=1.000000, deduction=0.04
[2026-02-05T00:21:39+08:00][info] === 责任分担计算结果 ===
[2026-02-05T00:21:39+08:00][info] 供应商实际应扣: 0.04
[2026-02-05T00:21:39+08:00][info] 平台最终应扣: 0.00
[2026-02-05T00:21:39+08:00][info] 扣减明细: {"online":{"weixin":{"supplier":"0.04","platform":"0.00"}}}
[2026-02-05T00:21:39+08:00][info] === 计算退款金额 ===
[2026-02-05T00:21:39+08:00][info] 结算比例: 1.0000
[2026-02-05T00:21:39+08:00][info] 供应商应退总额: 0.04
[2026-02-05T00:21:39+08:00][info] 实际退款金额: welfare=0.00, balance=0.00, online=0.00
[2026-02-05T00:21:39+08:00][info] 未提供实际退款金额，使用流水比例分配（兜底逻辑）
[2026-02-05T00:21:39+08:00][info] 流水金额: welfare=0.00, balance=0.00, online=0.03
[2026-02-05T00:21:39+08:00][info] 流水比例: welfare=0.000000, balance=0.000000, online=1.000000
[2026-02-05T00:21:39+08:00][info] 分账记录剩余金额: 福利金=0.00, 余额=0.00, 在线=0.03
[2026-02-05T00:21:39+08:00][info] 在线支付超额: 应退=0.04, 剩余=0.03, 超出=0.01
[2026-02-05T00:21:39+08:00][info] 需要重新分配超出金额: 0.01
[2026-02-05T00:21:39+08:00][info] 可用剩余: 福利金=0.00, 余额=0.00, 在线=0.00
[2026-02-05T00:21:39+08:00][info] 调整后福利金总应退: 0.00
[2026-02-05T00:21:39+08:00][info] 调整后余额总应退: 0.00
[2026-02-05T00:21:39+08:00][info] 调整后在线支付总应退: 0.03
[2026-02-05T00:21:39+08:00][info] 调整后总应退总额验证: 0.03
[2026-02-05T00:21:39+08:00][info] === 开始处理各支付方式退款流水 ===
[2026-02-05T00:21:39+08:00][info] 处理流水ID: 148, 支付方式: weixin, 状态: 2
[2026-02-05T00:21:39+08:00][info] 该流水应退金额: 0.04
[2026-02-05T00:21:39+08:00][info] 根据流水状态处理退款: status=2
[2026-02-05T00:21:39+08:00][info] 【状态2-外部分账待处理】创建退款流水
[2026-02-05T00:21:39+08:00][info] 生成退款流水单号: ls750510719656525824
[2026-02-05T00:21:39+08:00][info] ✅ 退款流水创建成功: pay_type=weixin, amount=0.04, link_id=wx750486104150376448_2
[2026-02-05T00:21:39+08:00][info] 分账记录查询: order_no=wx750486104150376448_2, division_type=online, pay_type=weixin, 匹配数量=1
[2026-02-05T00:21:39+08:00][info] 精确匹配分账记录: id=114, remarks=, pay_type=weixin
[2026-02-05T00:21:39+08:00][info] 分账金额重新计算: 原share=0.03, 退款金额=0.04, 新share=0.00
[2026-02-05T00:21:39+08:00][info] 订单金额重新计算: 原total=0.04, 扣减=0.04, 新total=0.00
[2026-02-05T00:21:39+08:00][info] 平台金额重新计算: 原platform=0.01, 新platform=0.00
[2026-02-05T00:21:39+08:00][info] refunded_amount更新: 原值=0.00, 本期退款=0.04, 新值=0.04
[2026-02-05T00:21:39+08:00][info] 分账记录全额退款: id=114, order_no=wx750486104150376448_2, platform和total已清零
[2026-02-05T00:21:39+08:00][info] 更新分账记录完成: id=114, total=0.00, share=0.00, platform=0.00, refunded=0.04
[2026-02-05T00:21:39+08:00][info] 原收入流水已标记为已完成: 流水ID=148
[2026-02-05T00:21:39+08:00][info] ========================================
[2026-02-05T00:21:39+08:00][info] === ✅ 供应商退款流水处理完成 ===
[2026-02-05T00:21:39+08:00][info] 成功: 1 条, 失败: 0 条
[2026-02-05T00:21:39+08:00][info] ========================================
[2026-02-05T00:21:39+08:00][info] 责任分担: supplier_deduction=0.04, platform_deduction=0.00
[2026-02-05T00:21:39+08:00][info] ✅ 供应商退款流水处理成功: 订单号=wx750486104150376448_2, 退款金额=0.04
[2026-02-05T00:21:39+08:00][info] 检查福利金退款: refund_welfare_price = 0
[2026-02-05T00:21:39+08:00][info] 跳过福利金退款: refund_welfare_price 为 0 或未设置
[2026-02-05T00:21:39+08:00][info] 主订单退款状态检测: pid=285, 子单总数=2, 全额退款子单=1
[2026-02-05T00:21:39+08:00][info] 主订单设为部分退款: pid=285
[2026-02-05T00:21:39+08:00][info] === order.refund 事件触发完成 ===
[2026-02-05T00:21:39+08:00][info] === 银联商务支付回调 ===
[2026-02-05T00:21:39+08:00][info] 回调数据: {"msgType":"wx.refund","REFUND_SUB_ORDERS":"[{\"amount\":3,\"associateSubOrderId\":\"3HD3SUB_wx750486104150376448_3\",\"relatedMerOrderId\":\"3HD3wx750486104150376448_1\",\"createTime\":1770222098542,\"mid\":\"898310100011808\",\"txnType\":\"REFUND\",\"parentMerOrderId\":\"3HD3wx750486104150376448_2400\",\"orderDesc\":\"子商户分账退款\",\"instMid\":\"MINIDEFAULT\",\"merOrderId\":\"10002602055482138006129680\"},{\"amount\":1,\"associateSubOrderId\":\"3HD3PLAT_wx750486104150376448\",\"relatedMerOrderId\":\"3HD3wx750486104150376448_1\",\"createTime\":1770222098542,\"mid\":\"898310100011808\",\"txnType\":\"REFUND\",\"parentMerOrderId\":\"3HD3wx750486104150376448_2400\",\"orderDesc\":\"子商户分账退款\",\"instMid\":\"MINIDEFAULT\",\"merOrderId\":\"10002602055482138000975152\"},{\"amount\":0,\"associateSubOrderId\":\"3HD3wx750486104150376448_1P\",\"relatedMerOrderId\":\"3HD3wx750486104150376448_1\",\"createTime\":1770222098542,\"mid\":\"898310100010854\",\"txnType\":\"REFUND\",\"parentMerOrderId\":\"3HD3wx750486104150376448_2400\",\"orderDesc\":\"平台商户分账退款\",\"instMid\":\"MINIDEFAULT\",\"merOrderId\":\"3HD3wx750486104150376448_2400P\"}]","payTime":"2026-02-04 22:43:59","buyerCashPayAmt":"7","connectSys":"UNIONPAY","sign":"17E6C34E964664CA9683EC967D00C19ED0A7BC56D0180A7032A049A796096E00","merName":"香溢乐享优选","mid":"898310100010854","invoiceAmount":"7","settleDate":"2026-02-04","billFunds":"现金:7","buyerId":"otdJ_uNR6GRFVnlDOVtnk9nZF5yg","mchntUuid":"92041d5a554c4ea09ff03b9204db78fb","tid":"41AUZ7C6","sendBackAmount":"4","instMid":"MINIDEFAULT","refundTargetOrderId":"50100806362026020591904342960","receiptAmount":"7","couponAmount":"0","aV":"hMYs","cardAttr":"DEBIT_CARD","closeTime":"2026-02-05 00:21:39","targetOrderId":"4200002999202602047503236442","signType":"SHA256","billFundsDesc":"现金支付0.07元。","subBuyerId":"ofxai7SpEkwo7L9Ugo0JTEterfZA","orderDesc":"蒙牛纯牛奶【供应商】|儿童水枪","seqId":"56699495991N","merOrderId":"3HD3wx750486104150376448_1","targetSys":"WXPay","refundAmount":"4","bankInfo":"招商银行(借记卡)","ORIGINAL_SUB_ORDERS":"[{\"amount\":3,\"createTime\":1770216232303,\"mid\":\"898310100011808\",\"txnType\":\"MINI_PAY\",\"updateTime\":1770216232315,\"parentMerOrderId\":\"3HD3wx750486104150376448_1\",\"orderDesc\":\"子商户分账金额\",\"instMid\":\"MINIDEFAULT\",\"merOrderId\":\"3HD3SUB_wx750486104150376448_3\"},{\"amount\":2,\"createTime\":1770216232303,\"mid\":\"898310100011808\",\"txnType\":\"MINI_PAY\",\"updateTime\":1770216232315,\"parentMerOrderId\":\"3HD3wx750486104150376448_1\",\"orderDesc\":\"子商户分账金额\",\"instMid\":\"MINIDEFAULT\",\"merOrderId\":\"3HD3SUB_wx750486104150376448_2\"},{\"amount\":2,\"createTime\":1770216232303,\"mid\":\"898310100011808\",\"txnType\":\"MINI_PAY\",\"updateTime\":1770216232315,\"parentMerOrderId\":\"3HD3wx750486104150376448_1\",\"orderDesc\":\"子商户分账金额\",\"instMid\":\"MINIDEFAULT\",\"merOrderId\":\"3HD3PLAT_wx750486104150376448\"},{\"amount\":0,\"createTime\":1770216232303,\"mid\":\"898310100010854\",\"txnType\":\"MINI_PAY\",\"updateTime\":1770216232315,\"parentMerOrderId\":\"3HD3wx750486104150376448_1\",\"orderDesc\":\"平台商户分账金额\",\"instMid\":\"MINIDEFAULT\",\"merOrderId\":\"3HD3wx750486104150376448_1P\"}]","refundSettleDate":"2026-02-05","refundOrderId":"3HD3wx750486104150376448_2400","totalAmount":"7","refundInvoiceAmount":"4","createTime":"2026-02-04 22:43:52","buyerPayAmount":"7","refundPayTime":"2026-02-05 00:21:38","notifyId":"60814fb1-9a6f-4362-9772-e1260bb2cff5","subInst":"104200","status":"TRADE_REFUND"}
[2026-02-05T00:21:39+08:00][info] 回调Header: {"connection":"upgrade","host":"test.wx.sunnycloudtop.com","x-real-ip":"180.169.109.227","x-forwarded-for":"180.169.109.227","remote-host":"180.169.109.227","content-length":"4528","content-type":"application\/x-www-form-urlencoded;charset=utf-8","accept":"*\/*","user-agent":"AHC\/2.1"}
[2026-02-05T00:21:39+08:00][info] === 银联商务支付初始化 ===
[2026-02-05T00:21:39+08:00][info] 支付类型: mini
[2026-02-05T00:21:39+08:00][info] AppId: 8a81c1bd96cf23aa019b078242721f2a
[2026-02-05T00:21:39+08:00][info] 商户号: 898310100010854
[2026-02-05T00:21:39+08:00][info] 终端号: 41AUZ7C6
[2026-02-05T00:21:39+08:00][info] API地址: https://api-mop.chinaums.com
[2026-02-05T00:21:39+08:00][info] 环境: 生产
[2026-02-05T00:21:39+08:00][info] === 银联支付回调处理 ===
[2026-02-05T00:21:39+08:00][info] 回调数据: {"msgType":"wx.refund","REFUND_SUB_ORDERS":"[{\"amount\":3,\"associateSubOrderId\":\"3HD3SUB_wx750486104150376448_3\",\"relatedMerOrderId\":\"3HD3wx750486104150376448_1\",\"createTime\":1770222098542,\"mid\":\"898310100011808\",\"txnType\":\"REFUND\",\"parentMerOrderId\":\"3HD3wx750486104150376448_2400\",\"orderDesc\":\"子商户分账退款\",\"instMid\":\"MINIDEFAULT\",\"merOrderId\":\"10002602055482138006129680\"},{\"amount\":1,\"associateSubOrderId\":\"3HD3PLAT_wx750486104150376448\",\"relatedMerOrderId\":\"3HD3wx750486104150376448_1\",\"createTime\":1770222098542,\"mid\":\"898310100011808\",\"txnType\":\"REFUND\",\"parentMerOrderId\":\"3HD3wx750486104150376448_2400\",\"orderDesc\":\"子商户分账退款\",\"instMid\":\"MINIDEFAULT\",\"merOrderId\":\"10002602055482138000975152\"},{\"amount\":0,\"associateSubOrderId\":\"3HD3wx750486104150376448_1P\",\"relatedMerOrderId\":\"3HD3wx750486104150376448_1\",\"createTime\":1770222098542,\"mid\":\"898310100010854\",\"txnType\":\"REFUND\",\"parentMerOrderId\":\"3HD3wx750486104150376448_2400\",\"orderDesc\":\"平台商户分账退款\",\"instMid\":\"MINIDEFAULT\",\"merOrderId\":\"3HD3wx750486104150376448_2400P\"}]","payTime":"2026-02-04 22:43:59","buyerCashPayAmt":"7","connectSys":"UNIONPAY","sign":"17E6C34E964664CA9683EC967D00C19ED0A7BC56D0180A7032A049A796096E00","merName":"香溢乐享优选","mid":"898310100010854","invoiceAmount":"7","settleDate":"2026-02-04","billFunds":"现金:7","buyerId":"otdJ_uNR6GRFVnlDOVtnk9nZF5yg","mchntUuid":"92041d5a554c4ea09ff03b9204db78fb","tid":"41AUZ7C6","sendBackAmount":"4","instMid":"MINIDEFAULT","refundTargetOrderId":"50100806362026020591904342960","receiptAmount":"7","couponAmount":"0","aV":"hMYs","cardAttr":"DEBIT_CARD","closeTime":"2026-02-05 00:21:39","targetOrderId":"4200002999202602047503236442","signType":"SHA256","billFundsDesc":"现金支付0.07元。","subBuyerId":"ofxai7SpEkwo7L9Ugo0JTEterfZA","orderDesc":"蒙牛纯牛奶【供应商】|儿童水枪","seqId":"56699495991N","merOrderId":"3HD3wx750486104150376448_1","targetSys":"WXPay","refundAmount":"4","bankInfo":"招商银行(借记卡)","ORIGINAL_SUB_ORDERS":"[{\"amount\":3,\"createTime\":1770216232303,\"mid\":\"898310100011808\",\"txnType\":\"MINI_PAY\",\"updateTime\":1770216232315,\"parentMerOrderId\":\"3HD3wx750486104150376448_1\",\"orderDesc\":\"子商户分账金额\",\"instMid\":\"MINIDEFAULT\",\"merOrderId\":\"3HD3SUB_wx750486104150376448_3\"},{\"amount\":2,\"createTime\":1770216232303,\"mid\":\"898310100011808\",\"txnType\":\"MINI_PAY\",\"updateTime\":1770216232315,\"parentMerOrderId\":\"3HD3wx750486104150376448_1\",\"orderDesc\":\"子商户分账金额\",\"instMid\":\"MINIDEFAULT\",\"merOrderId\":\"3HD3SUB_wx750486104150376448_2\"},{\"amount\":2,\"createTime\":1770216232303,\"mid\":\"898310100011808\",\"txnType\":\"MINI_PAY\",\"updateTime\":1770216232315,\"parentMerOrderId\":\"3HD3wx750486104150376448_1\",\"orderDesc\":\"子商户分账金额\",\"instMid\":\"MINIDEFAULT\",\"merOrderId\":\"3HD3PLAT_wx750486104150376448\"},{\"amount\":0,\"createTime\":1770216232303,\"mid\":\"898310100010854\",\"txnType\":\"MINI_PAY\",\"updateTime\":1770216232315,\"parentMerOrderId\":\"3HD3wx750486104150376448_1\",\"orderDesc\":\"平台商户分账金额\",\"instMid\":\"MINIDEFAULT\",\"merOrderId\":\"3HD3wx750486104150376448_1P\"}]","refundSettleDate":"2026-02-05","refundOrderId":"3HD3wx750486104150376448_2400","totalAmount":"7","refundInvoiceAmount":"4","createTime":"2026-02-04 22:43:52","buyerPayAmount":"7","refundPayTime":"2026-02-05 00:21:38","notifyId":"60814fb1-9a6f-4362-9772-e1260bb2cff5","subInst":"104200","status":"TRADE_REFUND"}
[2026-02-05T00:21:39+08:00][info] 签名类型: SHA256
[2026-02-05T00:21:39+08:00][info] 原始签名: 17E6C34E964664CA9683EC967D00C19ED0A7BC56D0180A7032A049A796096E00
[2026-02-05T00:21:39+08:00][info] 待签名字符串: ORIGINAL_SUB_ORDERS=[{"amount":3,"createTime":1770216232303,"mid":"898310100011808","txnType":"MINI_PAY","updateTime":1770216232315,"parentMerOrderId":"3HD3wx750486104150376448_1","orderDesc":"子商户分账金额","instMid":"MINIDEFAULT","merOrderId":"3HD3SUB_wx750486104150376448_3"},{"amount":2,"createTime":1770216232303,"mid":"898310100011808","txnType":"MINI_PAY","updateTime":1770216232315,"parentMerOrderId":"3HD3wx750486104150376448_1","orderDesc":"子商户分账金额","instMid":"MINIDEFAULT","merOrderId":"3HD3SUB_wx750486104150376448_2"},{"amount":2,"createTime":1770216232303,"mid":"898310100011808","txnType":"MINI_PAY","updateTime":1770216232315,"parentMerOrderId":"3HD3wx750486104150376448_1","orderDesc":"子商户分账金额","instMid":"MINIDEFAULT","merOrderId":"3HD3PLAT_wx750486104150376448"},{"amount":0,"createTime":1770216232303,"mid":"898310100010854","txnType":"MINI_PAY","updateTime":1770216232315,"parentMerOrderId":"3HD3wx750486104150376448_1","orderDesc":"平台商户分账金额","instMid":"MINIDEFAULT","merOrderId":"3HD3wx750486104150376448_1P"}]&REFUND_SUB_ORDERS=[{"amount":3,"associateSubOrderId":"3HD3SUB_wx750486104150376448_3","relatedMerOrderId":"3HD3wx750486104150376448_1","createTime":1770222098542,"mid":"898310100011808","txnType":"REFUND","parentMerOrderId":"3HD3wx750486104150376448_2400","orderDesc":"子商户分账退款","instMid":"MINIDEFAULT","merOrderId":"10002602055482138006129680"},{"amount":1,"associateSubOrderId":"3HD3PLAT_wx750486104150376448","relatedMerOrderId":"3HD3wx750486104150376448_1","createTime":1770222098542,"mid":"898310100011808","txnType":"REFUND","parentMerOrderId":"3HD3wx750486104150376448_2400","orderDesc":"子商户分账退款","instMid":"MINIDEFAULT","merOrderId":"10002602055482138000975152"},{"amount":0,"associateSubOrderId":"3HD3wx750486104150376448_1P","relatedMerOrderId":"3HD3wx750486104150376448_1","createTime":1770222098542,"mid":"898310100010854","txnType":"REFUND","parentMerOrderId":"3HD3wx750486104150376448_2400","orderDesc":"平台商户分账退款","instMid":"MINIDEFAULT","merOrderId":"3HD3wx750486104150376448_2400P"}]&aV=hMYs&bankInfo=招商银行(借记卡)&billFunds=现金:7&billFundsDesc=现金支付0.07元。&buyerCashPayAmt=7&buyerId=otdJ_uNR6GRFVnlDOVtnk9nZF5yg&buyerPayAmount=7&cardAttr=DEBIT_CARD&closeTime=2026-02-05 00:21:39&connectSys=UNIONPAY&couponAmount=0&createTime=2026-02-04 22:43:52&instMid=MINIDEFAULT&invoiceAmount=7&mchntUuid=92041d5a554c4ea09ff03b9204db78fb&merName=香溢乐享优选&merOrderId=3HD3wx750486104150376448_1&mid=898310100010854&msgType=wx.refund&notifyId=60814fb1-9a6f-4362-9772-e1260bb2cff5&orderDesc=蒙牛纯牛奶【供应商】|儿童水枪&payTime=2026-02-04 22:43:59&receiptAmount=7&refundAmount=4&refundInvoiceAmount=4&refundOrderId=3HD3wx750486104150376448_2400&refundPayTime=2026-02-05 00:21:38&refundSettleDate=2026-02-05&refundTargetOrderId=50100806362026020591904342960&sendBackAmount=4&seqId=56699495991N&settleDate=2026-02-04&signType=SHA256&status=TRADE_REFUND&subBuyerId=ofxai7SpEkwo7L9Ugo0JTEterfZA&subInst=104200&targetOrderId=4200002999202602047503236442&targetSys=WXPay&tid=41AUZ7C6&totalAmount=7bW3kxKW4dQmzYaNzj4DZS84H2fe6rzYfMY6TSXbSQ2y7WQYn
[2026-02-05T00:21:39+08:00][info] 计算签名: 17E6C34E964664CA9683EC967D00C19ED0A7BC56D0180A7032A049A796096E00
[2026-02-05T00:21:39+08:00][info] 签名验证成功
[2026-02-05T00:21:40+08:00][info] 记录退款资金流水: 订单=wx750486104150376448_2, 支付方式=ums, 退款金额=0.04
