
[2026-02-04T21:30:04+08:00][info] admin_order_delivery.request{"order_id":282,"type":"3","delivery_type":"1","delivery_id":"","delivery_code":"","delivery_name":"","sh_delivery_id":"","sh_delivery_uid":"","fictitious_content":"","pickup_time":["",""]}
[2026-02-04T21:30:04+08:00][info] mini_order_shipping.dispatch{"order_type":"product","order_id":"wx750407836026011648","out_trade_no":"4200003008202602046644640994","logistics_type":3,"delivery_type":3,"delivery_mode":2,"is_all_delivered":false,"has_tracking":false,"express_company":"","path":"pages\/goods\/order_details\/index?order_id=wx750407836026011648","has_openid":true,"shipping_list_count":1}
[2026-02-04T21:30:04+08:00][info] admin_order_delivery.response{"order_id":282,"result":{"orderInfo":{"id":282,"type":0,"pid":281,"order_id":"wx750407836026011648_1","trade_no":"4200003008202602046644640994","supplier_id":2,"store_id":0,"uid":4,"real_name":"\u5f20\u4e09","user_phone":"18930523085","province":"","user_address":"\u5e7f\u4e1c\u7701 \u5e7f\u5dde\u5e02 \u6d77\u73e0\u533a  \u65b0\u6e2f\u4e2d\u8def397\u53f7","user_location":" ","cart_id":["750414467002531840"],"pink_id":0,"activity_id":0,"activity_append":"","freight_price":"0.00","total_num":1,"total_price":"0.03","total_postage":"0.00","pay_price":"0.03","settle_price":"0.02","welfare_pay_price":"0.00","balance_pay_price":"0.00","online_pay_price":"0.03","pay_postage":"0.00","pay_integral":0,"deduction_price":"0.00","coupon_id":0,"coupon_price":"0.00","promotions_price":"0.00","first_order_price":"0.00","change_price":"0.00","gain_integral":"0.00","use_integral":"0.00","back_integral":"0.00","shipping_type":1,"verify_code":"","paid":1,"status":0,"mark":"","remark":"","is_channel":1,"channel_type":"routine","is_remind":0,"is_del":0,"is_system_del":0,"pay_type":"ums","pay_channel":"","pay_type_detail":null,"pay_time":1770199147,"add_time":1770197570,"refund_status":0,"refund_type":0,"refund_express":"","refund_reason_wap_img":null,"refund_reason_wap_explain":"","refund_reason_time":0,"refund_reason_wap":"","refund_reason":"","refund_price":"0.00","delivery_name":"","delivery_code":"","delivery_type":"","delivery_id":"","fictitious_content":"","delivery_uid":0,"express_dump":null,"kuaidi_label":"","spread_uid":0,"spread_two_uid":0,"one_brokerage":"0.00","two_brokerage":"0.00","unique":"750414466998337536","mer_id":0,"cost":"0.02","staff_id":0,"clerk_id":0,"product_type":0,"virtual_info":[],"custom_form":[],"promotions_give":{"give_integral":0,"give_coupon":[],"give_product":[],"promotions":[]},"give_integral":0,"give_coupon":[],"erp_id":0,"erp_order_id":"","kuaidi_task_id":"","kuaidi_order_id":0,"is_stock_up":0,"division_id":0,"division_brokerage":"0.00","division_agent_id":0,"division_agent_brokerage":"0.00","division_staff_id":0,"division_staff_brokerage":"0.00","channel_price":"0.00","is_send_gift":0,"send_gift_price":"0.00","send_gift_mark":"","receive_gift_uid":0,"channel":0,"combination_pay_status":"","pay_attempt_count":4,"actual_pay_order_id":"3HD3wx750407836026011648_4","pinkStatus":null},"dump":[]}}
[2026-02-04T21:31:04+08:00][info] mini_order_shipping.request{"out_trade_no":"4200003008202602046644640994","logistics_type":3,"delivery_mode":2,"is_all_delivered":false,"path":"pages\/goods\/order_details\/index?order_id=wx750407836026011648","shipping_list_count":1,"has_openid":true}
[2026-02-04T22:43:50+08:00][info] 订单创建-购物车商品信息: {"product_id":20,"product_type":2,"relation_id":3,"settle_price":"0.03","cart_num":1}
[2026-02-04T22:43:50+08:00][info] 订单创建-计算结算价: {"supplier_id":3,"attr_settle_price":"0.03","item_settle_price":"0.03","total_settle_price":"0.03"}
[2026-02-04T22:43:50+08:00][info] 订单创建-购物车商品信息: {"product_id":14,"product_type":2,"relation_id":2,"settle_price":"0.02","cart_num":1}
[2026-02-04T22:43:50+08:00][info] 订单创建-计算结算价: {"supplier_id":2,"attr_settle_price":"0.02","item_settle_price":"0.02","total_settle_price":"0.05"}
[2026-02-04T22:43:50+08:00][info] 订单创建-供应商详细信息: [{"id":3,"name":"\u5c0f\u5706\u4f9b\u5e94\u5546","amount":"0.03"},{"id":2,"name":"\u4e0a\u6d77\u8fbe\u8fbe123\u516c\u53f8","amount":"0.02"}]
[2026-02-04T22:43:50+08:00][info] 订单创建-最终结算价: supplier_id=0, settle_price=0.05, 供应商数量=2
[2026-02-04T22:43:52+08:00][info] 生成支付单号: wx750486104150376448_1 (业务订单号: wx750486104150376448, 支付次数: 1)
[2026-02-04T22:43:52+08:00][info] 订单 wx750486104150376448 为多供应商订单，供应商数量: 2
[2026-02-04T22:43:52+08:00][info] 订单 wx750486104150376448 添加供应商分账: 小圆供应商(ID:3), 金额=0.03元
[2026-02-04T22:43:52+08:00][info] 订单 wx750486104150376448 添加供应商分账: 上海达达123公司(ID:2), 金额=0.02元
[2026-02-04T22:43:52+08:00][info] 订单 wx750486104150376448 添加平台分账: 金额=0.02元
[2026-02-04T22:43:52+08:00][info] 订单 wx750486104150376448 构建分账数据成功: 分账子订单数=3
[2026-02-04T22:43:52+08:00][info] === 银联商务支付初始化 ===
[2026-02-04T22:43:52+08:00][info] 支付类型: mini
[2026-02-04T22:43:52+08:00][info] AppId: 8a81c1bd96cf23aa019b078242721f2a
[2026-02-04T22:43:52+08:00][info] 商户号: 898310100010854
[2026-02-04T22:43:52+08:00][info] 终端号: 41AUZ7C6
[2026-02-04T22:43:52+08:00][info] API地址: https://api-mop.chinaums.com
[2026-02-04T22:43:52+08:00][info] 环境: 生产
[2026-02-04T22:43:52+08:00][info] === 银联小程序支付 ===
[2026-02-04T22:43:52+08:00][info] site_url配置: https://test.wx.sunnycloudtop.com
[2026-02-04T22:43:52+08:00][info] request domain: http://test.wx.sunnycloudtop.com
[2026-02-04T22:43:52+08:00][info] 最终使用: https://test.wx.sunnycloudtop.com
[2026-02-04T22:43:52+08:00][info] 完整通知URL: https://test.wx.sunnycloudtop.com/api/pay/ums/notify
[2026-02-04T22:43:52+08:00][info] 订单需要分账: {"divisionFlag":true,"asynDivisionFlag":true,"platformAmount":0,"subOrders":[{"mid":"898310100011808","merOrderId":"SUB_wx750486104150376448_3","totalAmount":"3"},{"mid":"898310100011808","merOrderId":"SUB_wx750486104150376448_2","totalAmount":"2"},{"mid":"898310100011808","merOrderId":"PLAT_wx750486104150376448","totalAmount":"2"}]}
[2026-02-04T22:43:52+08:00][info] === 银联小程序支付下单 ===
[2026-02-04T22:43:52+08:00][info] 原始订单号: wx750486104150376448_1
[2026-02-04T22:43:52+08:00][info] 金额: 0.07元
[2026-02-04T22:43:52+08:00][info] OpenID: ofxai7SpEkwo7L9Ugo0JTEterfZA
[2026-02-04T22:43:52+08:00][info] 通知URL: https://test.wx.sunnycloudtop.com/api/pay/ums/notify
[2026-02-04T22:43:52+08:00][info] 分账数据: {"divisionFlag":true,"asynDivisionFlag":true,"platformAmount":0,"subOrders":[{"mid":"898310100011808","merOrderId":"SUB_wx750486104150376448_3","totalAmount":"3"},{"mid":"898310100011808","merOrderId":"SUB_wx750486104150376448_2","totalAmount":"2"},{"mid":"898310100011808","merOrderId":"PLAT_wx750486104150376448","totalAmount":"2"}]}
[2026-02-04T22:43:52+08:00][info] 金额(分): 7
[2026-02-04T22:43:52+08:00][info] 银联订单号: 3HD3wx750486104150376448_1
[2026-02-04T22:43:52+08:00][info] 分账子订单: [{"mid":"898310100011808","merOrderId":"3HD3SUB_wx750486104150376448_3","totalAmount":"3"},{"mid":"898310100011808","merOrderId":"3HD3SUB_wx750486104150376448_2","totalAmount":"2"},{"mid":"898310100011808","merOrderId":"3HD3PLAT_wx750486104150376448","totalAmount":"2"}]
[2026-02-04T22:43:52+08:00][info] 分账金额计算: 主订单=7分, 子订单总额=7分, 平台=0分
[2026-02-04T22:43:52+08:00][info] 小程序AppId: wxb5fc16b55f439205
[2026-02-04T22:43:52+08:00][info] 用户OpenId: ofxai7SpEkwo7L9Ugo0JTEterfZA
[2026-02-04T22:43:52+08:00][info] 注意: 如果是服务商模式,需要联系银联确认openid字段
[2026-02-04T22:43:52+08:00][info] 请求参数: {"requestTimestamp":"2026-02-04 22:43:52","merOrderId":"3HD3wx750486104150376448_1","mid":"898310100010854","tid":"41AUZ7C6","totalAmount":"7","tradeType":"MINI","orderDesc":"蒙牛纯牛奶【供应商】|儿童水枪","notifyUrl":"https:\/\/test.wx.sunnycloudtop.com\/api\/pay\/ums\/notify","divisionFlag":true,"subOrders":[{"mid":"898310100011808","merOrderId":"3HD3SUB_wx750486104150376448_3","totalAmount":"3"},{"mid":"898310100011808","merOrderId":"3HD3SUB_wx750486104150376448_2","totalAmount":"2"},{"mid":"898310100011808","merOrderId":"3HD3PLAT_wx750486104150376448","totalAmount":"2"}],"platformAmount":0,"subAppId":"wxb5fc16b55f439205","subOpenId":"ofxai7SpEkwo7L9Ugo0JTEterfZA","openid":"ofxai7SpEkwo7L9Ugo0JTEterfZA"}
[2026-02-04T22:43:52+08:00][info] 报文体: {"requestTimestamp":"2026-02-04 22:43:52","merOrderId":"3HD3wx750486104150376448_1","mid":"898310100010854","tid":"41AUZ7C6","totalAmount":"7","tradeType":"MINI","orderDesc":"\u8499\u725b\u7eaf\u725b\u5976\u3010\u4f9b\u5e94\u5546\u3011|\u513f\u7ae5\u6c34\u67aa","notifyUrl":"https:\/\/test.wx.sunnycloudtop.com\/api\/pay\/ums\/notify","divisionFlag":true,"subOrders":[{"mid":"898310100011808","merOrderId":"3HD3SUB_wx750486104150376448_3","totalAmount":"3"},{"mid":"898310100011808","merOrderId":"3HD3SUB_wx750486104150376448_2","totalAmount":"2"},{"mid":"898310100011808","merOrderId":"3HD3PLAT_wx750486104150376448","totalAmount":"2"}],"platformAmount":0,"subAppId":"wxb5fc16b55f439205","subOpenId":"ofxai7SpEkwo7L9Ugo0JTEterfZA","openid":"ofxai7SpEkwo7L9Ugo0JTEterfZA"}
[2026-02-04T22:43:52+08:00][info] 报文体SHA256: 66e8e15d57cc427c1f4cf14ba01432cb75497fb95c5c674bc8fbc6a097908eea
[2026-02-04T22:43:52+08:00][info] 签名原串: 8a81c1bd96cf23aa019b078242721f2a202602042243526553ca30d45124ba4598f0d5e73d958766e8e15d57cc427c1f4cf14ba01432cb75497fb95c5c674bc8fbc6a097908eea
[2026-02-04T22:43:52+08:00][info] 签名结果: vGUYYWsyV3P1rZGrnCBInZG8UmnGHnjLL7zovXyXK0c=
[2026-02-04T22:43:52+08:00][info] Authorization: OPEN-BODY-SIG AppId="8a81c1bd96cf23aa019b078242721f2a",Timestamp="20260204224352",Nonce="6553ca30d45124ba4598f0d5e73d9587",Signature="vGUYYWsyV3P1rZGrnCBInZG8UmnGHnjLL7zovXyXK0c="
[2026-02-04T22:43:52+08:00][info] 响应数据: {"connectSys":"UNIONPAY","delegatedFlag":"N","merName":"香溢乐享优选","mid":"898310100010854","settleRefId":"56699495991N","tid":"41AUZ7C6","totalAmount":7,"targetMid":"842088674","responseTimestamp":"2026-02-04 22:43:52","errCode":"SUCCESS","miniPayRequest":{"timeStamp":"1770216232","package":"prepay_id=wx04224352647565b7a4da8197d5339a0001","paySign":"3JHIcl3wF7xH9RjQP5LSQhogxzysSBcWDqunIXcOVZhGOGr5R6r3JZgTyYFc91R27V9K2T2UsHQvINtBsXJHAWE3V6\/jAkZ7WR1vRoo243Ern5LmQfTHHVePmNT4yK\/Zyd6K0AMfWnuM5tY77N5QBl+gl6Xz8yeovLpnqHf1efHvnSaIXRuPNc+6t\/jSs0Vs6JawDMDo8PtmPUBj\/ghp1e7tU7o8tPaGOaotditZrhfS0eP\/rB5V4Y30s+EvGZKLIYhfHaT9dNMSs0fjJKeRJFoyPstsqZS2AJzorEaQPOTHmF+m33dfkMlTZ0rK++XGPVdTrIl+AMIPj\/kNDlGdzQ==","appId":"wxb5fc16b55f439205","signType":"RSA","nonceStr":"c5ccf2919766487baf46eca574573bb5"},"targetStatus":"SUCCESS|SUCCESS","seqId":"56699495991N","merOrderId":"3HD3wx750486104150376448_1","status":"WAIT_BUYER_PAY","targetSys":"WXPay"}
[2026-02-04T22:44:00+08:00][info] === 银联商务支付回调 ===
[2026-02-04T22:44:00+08:00][info] 回调数据: {"msgType":"wx.notify","payTime":"2026-02-04 22:43:59","buyerCashPayAmt":"7","connectSys":"UNIONPAY","sign":"E21CEAA61FF8A52477051C692AF55308FC4756C7936F6FAAEBEB9370A4574A24","merName":"香溢乐享优选","mid":"898310100010854","invoiceAmount":"7","settleDate":"2026-02-04","billFunds":"现金:7","buyerId":"otdJ_uNR6GRFVnlDOVtnk9nZF5yg","mchntUuid":"92041d5a554c4ea09ff03b9204db78fb","tid":"41AUZ7C6","instMid":"MINIDEFAULT","receiptAmount":"7","couponAmount":"0","cardAttr":"DEBIT_CARD","targetOrderId":"4200002999202602047503236442","signType":"SHA256","billFundsDesc":"现金支付0.07元。","subBuyerId":"ofxai7SpEkwo7L9Ugo0JTEterfZA","orderDesc":"蒙牛纯牛奶【供应商】|儿童水枪","seqId":"56699495991N","merOrderId":"3HD3wx750486104150376448_1","targetSys":"WXPay","GG":"znku","bankInfo":"招商银行(借记卡)","totalAmount":"7","createTime":"2026-02-04 22:43:52","buyerPayAmount":"7","notifyId":"3d900de8-cb5c-4875-8b1c-ce2f306d4516","subInst":"104200","status":"TRADE_SUCCESS"}
[2026-02-04T22:44:00+08:00][info] 回调Header: {"connection":"upgrade","host":"test.wx.sunnycloudtop.com","x-real-ip":"180.169.109.227","x-forwarded-for":"180.169.109.227","remote-host":"180.169.109.227","content-length":"1095","content-type":"application\/x-www-form-urlencoded;charset=utf-8","accept":"*\/*","user-agent":"AHC\/2.1"}
[2026-02-04T22:44:00+08:00][info] === 银联商务支付初始化 ===
[2026-02-04T22:44:00+08:00][info] 支付类型: mini
[2026-02-04T22:44:00+08:00][info] AppId: 8a81c1bd96cf23aa019b078242721f2a
[2026-02-04T22:44:00+08:00][info] 商户号: 898310100010854
[2026-02-04T22:44:00+08:00][info] 终端号: 41AUZ7C6
[2026-02-04T22:44:00+08:00][info] API地址: https://api-mop.chinaums.com
[2026-02-04T22:44:00+08:00][info] 环境: 生产
[2026-02-04T22:44:00+08:00][info] === 银联支付回调处理 ===
[2026-02-04T22:44:00+08:00][info] 回调数据: {"msgType":"wx.notify","payTime":"2026-02-04 22:43:59","buyerCashPayAmt":"7","connectSys":"UNIONPAY","sign":"E21CEAA61FF8A52477051C692AF55308FC4756C7936F6FAAEBEB9370A4574A24","merName":"香溢乐享优选","mid":"898310100010854","invoiceAmount":"7","settleDate":"2026-02-04","billFunds":"现金:7","buyerId":"otdJ_uNR6GRFVnlDOVtnk9nZF5yg","mchntUuid":"92041d5a554c4ea09ff03b9204db78fb","tid":"41AUZ7C6","instMid":"MINIDEFAULT","receiptAmount":"7","couponAmount":"0","cardAttr":"DEBIT_CARD","targetOrderId":"4200002999202602047503236442","signType":"SHA256","billFundsDesc":"现金支付0.07元。","subBuyerId":"ofxai7SpEkwo7L9Ugo0JTEterfZA","orderDesc":"蒙牛纯牛奶【供应商】|儿童水枪","seqId":"56699495991N","merOrderId":"3HD3wx750486104150376448_1","targetSys":"WXPay","GG":"znku","bankInfo":"招商银行(借记卡)","totalAmount":"7","createTime":"2026-02-04 22:43:52","buyerPayAmount":"7","notifyId":"3d900de8-cb5c-4875-8b1c-ce2f306d4516","subInst":"104200","status":"TRADE_SUCCESS"}
[2026-02-04T22:44:00+08:00][info] 签名类型: SHA256
[2026-02-04T22:44:00+08:00][info] 原始签名: E21CEAA61FF8A52477051C692AF55308FC4756C7936F6FAAEBEB9370A4574A24
[2026-02-04T22:44:00+08:00][info] 待签名字符串: GG=znku&bankInfo=招商银行(借记卡)&billFunds=现金:7&billFundsDesc=现金支付0.07元。&buyerCashPayAmt=7&buyerId=otdJ_uNR6GRFVnlDOVtnk9nZF5yg&buyerPayAmount=7&cardAttr=DEBIT_CARD&connectSys=UNIONPAY&couponAmount=0&createTime=2026-02-04 22:43:52&instMid=MINIDEFAULT&invoiceAmount=7&mchntUuid=92041d5a554c4ea09ff03b9204db78fb&merName=香溢乐享优选&merOrderId=3HD3wx750486104150376448_1&mid=898310100010854&msgType=wx.notify&notifyId=3d900de8-cb5c-4875-8b1c-ce2f306d4516&orderDesc=蒙牛纯牛奶【供应商】|儿童水枪&payTime=2026-02-04 22:43:59&receiptAmount=7&seqId=56699495991N&settleDate=2026-02-04&signType=SHA256&status=TRADE_SUCCESS&subBuyerId=ofxai7SpEkwo7L9Ugo0JTEterfZA&subInst=104200&targetOrderId=4200002999202602047503236442&targetSys=WXPay&tid=41AUZ7C6&totalAmount=7bW3kxKW4dQmzYaNzj4DZS84H2fe6rzYfMY6TSXbSQ2y7WQYn
[2026-02-04T22:44:00+08:00][info] 计算签名: E21CEAA61FF8A52477051C692AF55308FC4756C7936F6FAAEBEB9370A4574A24
[2026-02-04T22:44:00+08:00][info] 签名验证成功
[2026-02-04T22:44:00+08:00][info] UMS notify uses targetOrderId as trade_no: 4200002999202602047503236442
[2026-02-04T22:44:00+08:00][info] 银联支付回调: 支付单号=3HD3wx750486104150376448_1, 业务订单号=3HD3wx750486104150376448, 支付系统=WXPay, 支付渠道=
[2026-02-04T22:44:00+08:00][info] === PaySuccessListener 处理支付成功事件 ===
[2026-02-04T22:44:00+08:00][info] 事件数据: {"order_id":"3HD3wx750486104150376448","pay_order_id":"3HD3wx750486104150376448_1","trade_no":"4200002999202602047503236442","pay_type":"ums","target_sys":"WXPay","pay_channel":"","pay_time":1770216240,"notify_id":"3d900de8-cb5c-4875-8b1c-ce2f306d4516"}
[2026-02-04T22:44:00+08:00][info] 实际支付单号: 3HD3wx750486104150376448_1
[2026-02-04T22:44:00+08:00][info] 调用 paySuccess 方法: order_id=wx750486104150376448, pay_type=ums, trade_no=4200002999202602047503236442, pay_channel=
[2026-02-04T22:44:00+08:00][info] 在线支付订单,设置 online_pay_price: 0.07, pay_type: ums
[2026-02-04T22:44:00+08:00][info] 记录实际支付单号: 3HD3wx750486104150376448_1
[2026-02-04T22:44:00+08:00][info] 支付成功处理完成: wx750486104150376448
[2026-02-04T22:44:00+08:00][info] 银联商务支付成功: 业务订单号=3HD3wx750486104150376448, 支付单号=3HD3wx750486104150376448_1, 流水号=4200002999202602047503236442, 通知ID=3d900de8-cb5c-4875-8b1c-ce2f306d4516, 支付系统=WXPay, 支付渠道=
[2026-02-04T22:44:02+08:00][info] ShareOrderJob-拆分订单更新结算价: order_id=286, settle_price=0.02
[2026-02-04T22:44:02+08:00][info] 子订单支付方式统计: 订单=wx750486104150376448_1, 在线=0.03, 福利金=0, 余额=0, 支付方式数=1, 是否组合=
[2026-02-04T22:44:02+08:00][info] 单一在线支付子订单对齐主订单分账: 订单=wx750486104150376448_1, 原始结算价=0.02, 对齐后分账=0.02
[2026-02-04T22:44:02+08:00][info] 未发现重复记录，继续创建: order_no=wx750486104150376448_1, division_type=online
[2026-02-04T22:44:02+08:00][info] 创建子订单单一支付分账记录: 订单=wx750486104150376448_1, 类型=online, 分账金额=0.02, 平台实收=0.01
[2026-02-04T22:44:02+08:00][info] 组合支付流水创建检查: order_id=wx750486104150376448_1, payment_count=1, existing_types=[], missing_types=["online"]
[2026-02-04T22:44:02+08:00][info] 订单缺失部分支付方式的供应商流水,继续创建: order_id=wx750486104150376448_1, missing_types=["online"]
[2026-02-04T22:44:02+08:00][info] 单一支付方式,创建对应流水: payment_count=1, actual_pay_type=weixin
[2026-02-04T22:44:02+08:00][info] 创建单一支付流水: order_id=wx750486104150376448_1, pay_type=weixin
[2026-02-04T22:44:02+08:00][info] 单一支付流水从分账记录镜像获取金额: supplier_amount=0.02, platform_amount=0.01
[2026-02-04T22:44:02+08:00][info] 创建单一支付流水成功: order_id=wx750486104150376448_1, pay_type=weixin, supplier_amount=0.02, platform_amount=0.01, status=2
[2026-02-04T22:44:02+08:00][info] 子订单供应商流水创建成功: 订单号=wx750486104150376448_1
[2026-02-04T22:44:02+08:00][info] 记录支付资金流水: 订单=wx750486104150376448, 支付方式=ums, 支付金额=0.07
[2026-02-04T22:44:02+08:00][info] 开始批量处理自动标签:array (
  'user_ids' => 4,
  'trigger_type' => '',
  'label_ids' => 
  array (
  ),
)
[2026-02-04T22:44:02+08:00][info] 开始批量处理自动标签2:array (
  'user_count' => 1,
  'trigger_type' => '',
  'label_ids' => 
  array (
  ),
)
[2026-02-04T22:44:02+08:00][info] 开始批量处理自动标签:array (
  'user_count' => 1,
  'trigger_type' => '',
  'label_ids' => 
  array (
  ),
)
[2026-02-04T22:44:02+08:00][info] 没有找到自动标签:array (
  'label_ids' => 
  array (
  ),
)
[2026-02-04T22:44:02+08:00][info] ShareOrderJob-更新订单供应商信息: order_id=287, supplier_id=3, settle_price=0.03
[2026-02-04T22:44:02+08:00][info] 子订单支付方式统计: 订单=wx750486104150376448_2, 在线=0.04, 福利金=0, 余额=0, 支付方式数=1, 是否组合=
[2026-02-04T22:44:02+08:00][info] 单一在线支付子订单对齐主订单分账: 订单=wx750486104150376448_2, 原始结算价=0.03, 对齐后分账=0.03
[2026-02-04T22:44:02+08:00][info] 未发现重复记录，继续创建: order_no=wx750486104150376448_2, division_type=online
[2026-02-04T22:44:02+08:00][info] 创建子订单单一支付分账记录: 订单=wx750486104150376448_2, 类型=online, 分账金额=0.03, 平台实收=0.01
[2026-02-04T22:44:02+08:00][info] 组合支付流水创建检查: order_id=wx750486104150376448_2, payment_count=1, existing_types=[], missing_types=["online"]
[2026-02-04T22:44:02+08:00][info] 订单缺失部分支付方式的供应商流水,继续创建: order_id=wx750486104150376448_2, missing_types=["online"]
[2026-02-04T22:44:02+08:00][info] 单一支付方式,创建对应流水: payment_count=1, actual_pay_type=weixin
[2026-02-04T22:44:02+08:00][info] 创建单一支付流水: order_id=wx750486104150376448_2, pay_type=weixin
[2026-02-04T22:44:02+08:00][info] 单一支付流水从分账记录镜像获取金额: supplier_amount=0.03, platform_amount=0.01
[2026-02-04T22:44:02+08:00][info] 创建单一支付流水成功: order_id=wx750486104150376448_2, pay_type=weixin, supplier_amount=0.03, platform_amount=0.01, status=2
[2026-02-04T22:44:02+08:00][info] 子订单供应商流水创建成功: 订单号=wx750486104150376448_2
[2026-02-04T22:44:25+08:00][info] 整单退款状态判断: order_id=287, pay_price=0.04, total_refund=0.04, refund_status=1
[2026-02-04T22:44:25+08:00][info] 开始处理退款: {"order_id":285,"order_no":"wx750486104150376448","pay_type":"ums","pay_price":"0.07","online_pay_price":"0.07","balance_pay_price":"0.00","welfare_pay_price":"0.00","pay_type_detail":"empty","refund_price":"0.04"}
[2026-02-04T22:44:25+08:00][info] 进入单一支付方式退款流程,pay_type: ums
[2026-02-04T22:44:25+08:00][info] 匹配到银联支付退款 case, pay_type: ums
[2026-02-04T22:44:25+08:00][info] isH5Payment判断 - order_id=wx750486104150376448, pay_type=ums, pay_channel=, pay_type_detail="N\/A"
[2026-02-04T22:44:25+08:00][info] isH5Payment判断结果: false
[2026-02-04T22:44:25+08:00][info] 退款使用配置类型: mini
[2026-02-04T22:44:25+08:00][info] 子订单退款，跳过构建分账退款数据，直接全额退款
[2026-02-04T22:44:25+08:00][info] 银联退款参数 - 业务订单号: wx750486104150376448, 实际支付单号: 3HD3wx750486104150376448_1, 退款单号: wx750486104150376448_2652, 订单总金额: 0.07, 退款金额: 0.04, instMid: 
[2026-02-04T22:44:25+08:00][info] === 银联商务支付初始化 ===
[2026-02-04T22:44:25+08:00][info] 支付类型: mini
[2026-02-04T22:44:25+08:00][info] AppId: 8a81c1bd96cf23aa019b078242721f2a
[2026-02-04T22:44:25+08:00][info] 商户号: 898310100010854
[2026-02-04T22:44:25+08:00][info] 终端号: 41AUZ7C6
[2026-02-04T22:44:25+08:00][info] API地址: https://api-mop.chinaums.com
[2026-02-04T22:44:25+08:00][info] 环境: 生产
[2026-02-04T22:44:25+08:00][info] === 银联退款 ===
[2026-02-04T22:44:25+08:00][info] 原订单号: 3HD3wx750486104150376448_1
[2026-02-04T22:44:25+08:00][info] 退款订单号: wx750486104150376448_2652
[2026-02-04T22:44:25+08:00][info] 订单总金额: 0.07元
[2026-02-04T22:44:25+08:00][info] 退款金额: 0.04元
[2026-02-04T22:44:25+08:00][info] 银联订单号: 3HD3wx750486104150376448_1
[2026-02-04T22:44:25+08:00][info] 银联退款订单号: 3HD3wx750486104150376448_2652
[2026-02-04T22:44:25+08:00][info] 订单总金额(分): 7
[2026-02-04T22:44:25+08:00][info] 退款金额(分): 4
[2026-02-04T22:44:25+08:00][info] 请求参数: {"requestTimestamp":"2026-02-04 22:44:25","mid":"898310100010854","tid":"41AUZ7C6","merOrderId":"3HD3wx750486104150376448_1","refundOrderId":"3HD3wx750486104150376448_2652","refundAmount":"4","totalAmount":"7","orderDesc":"订单退款"}
[2026-02-04T22:44:25+08:00][info] 报文体: {"requestTimestamp":"2026-02-04 22:44:25","mid":"898310100010854","tid":"41AUZ7C6","merOrderId":"3HD3wx750486104150376448_1","refundOrderId":"3HD3wx750486104150376448_2652","refundAmount":"4","totalAmount":"7","orderDesc":"\u8ba2\u5355\u9000\u6b3e"}
[2026-02-04T22:44:25+08:00][info] 报文体SHA256: ff43aadebbb861fa186a143f2950ded56049ef575b27680b73a57fa64ea09a04
[2026-02-04T22:44:25+08:00][info] 签名原串: 8a81c1bd96cf23aa019b078242721f2a202602042244255465bbdc825cf71bf7446d5504bff09bff43aadebbb861fa186a143f2950ded56049ef575b27680b73a57fa64ea09a04
[2026-02-04T22:44:25+08:00][info] 签名结果: QQGXsxUnPZgMGIT+kRpGCMqExPCJc5hlvltWAN4gta8=
[2026-02-04T22:44:25+08:00][info] Authorization: OPEN-BODY-SIG AppId="8a81c1bd96cf23aa019b078242721f2a",Timestamp="20260204224425",Nonce="5465bbdc825cf71bf7446d5504bff09b",Signature="QQGXsxUnPZgMGIT+kRpGCMqExPCJc5hlvltWAN4gta8="
[2026-02-04T22:44:25+08:00][info] 响应数据: {"responseTimestamp":"2026-02-04 22:44:25","errCode":"BAD_REQUEST","errMsg":"子订单信息和平台商户退款金额为空需全额退款"}
[2026-02-04T22:44:25+08:00][info] 银联退款调用失败: 退款失败: 子订单信息和平台商户退款金额为空需全额退款
[2026-02-04T22:44:25+08:00][info] 异常堆栈: #0 /var/www/app/services/order/StoreOrderRefundServices.php(995): crmeb\services\UmsPayService->refund()
#1 /var/www/vendor/topthink/think-orm/src/db/PDOConnection.php(1521): app\services\order\StoreOrderRefundServices->app\services\order\{closure}()
#2 /var/www/vendor/topthink/think-swoole/src/pool/Proxy.php(83): think\db\PDOConnection->transaction()
#3 /var/www/vendor/topthink/think-swoole/src/pool/proxy/Connection.php(188): think\swoole\pool\Proxy->__call()
#4 [internal function]: think\swoole\pool\proxy\Connection->transaction()
#5 /var/www/vendor/topthink/think-orm/src/DbManager.php(409): call_user_func_array()
#6 [internal function]: think\DbManager->__call()
#7 /var/www/vendor/topthink/framework/src/think/Facade.php(97): call_user_func_array()
#8 /var/www/app/services/BaseServices.php(56): think\Facade::__callStatic()
#9 /var/www/app/services/order/StoreOrderRefundServices.php(1051): app\services\BaseServices->transaction()
#10 /var/www/app/common/controller/Order.php(957): app\services\order\StoreOrderRefundServices->agreeRefund()
#11 [internal function]: app\controller\admin\v1\order\StoreOrder->open_order_refund()
#12 /var/www/vendor/topthink/framework/src/think/Container.php(345): ReflectionMethod->invokeArgs()
#13 /var/www/vendor/topthink/framework/src/think/route/dispatch/Controller.php(110): think\Container->invokeReflectMethod()
#14 /var/www/vendor/topthink/framework/src/think/Pipeline.php(59): think\route\dispatch\Controller->think\route\dispatch\{closure}()
#15 /var/www/vendor/topthink/framework/src/think/Pipeline.php(66): think\Pipeline->think\{closure}()
#16 /var/www/vendor/topthink/framework/src/think/route/dispatch/Controller.php(113): think\Pipeline->then()
#17 /var/www/vendor/topthink/framework/src/think/route/Dispatch.php(52): think\route\dispatch\Controller->exec()
#18 /var/www/vendor/topthink/framework/src/think/Route.php(755): think\route\Dispatch->run()
#19 /var/www/vendor/topthink/framework/src/think/Pipeline.php(59): think\Route->think\{closure}()
#20 /var/www/app/http/middleware/admin/AdminLogMiddleware.php(40): think\Pipeline->think\{closure}()
#21 [internal function]: app\http\middleware\admin\AdminLogMiddleware->handle()
#22 /var/www/vendor/topthink/framework/src/think/Middleware.php(134): call_user_func()
#23 /var/www/vendor/topthink/framework/src/think/Pipeline.php(85): think\Middleware->think\{closure}()
#24 /var/www/app/http/middleware/admin/AdminCkeckRoleMiddleware.php(57): think\Pipeline->think\{closure}()
#25 [internal function]: app\http\middleware\admin\AdminCkeckRoleMiddleware->handle()
#26 /var/www/vendor/topthink/framework/src/think/Middleware.php(134): call_user_func()
#27 /var/www/vendor/topthink/framework/src/think/Pipeline.php(85): think\Middleware->think\{closure}()
#28 /var/www/app/http/middleware/admin/AdminAuthTokenMiddleware.php(39): think\Pipeline->think\{closure}()
#29 [internal function]: app\http\middleware\admin\AdminAuthTokenMiddleware->handle()
#30 /var/www/vendor/topthink/framework/src/think/Middleware.php(134): call_user_func()
#31 /var/www/vendor/topthink/framework/src/think/Pipeline.php(85): think\Middleware->think\{closure}()
#32 /var/www/app/http/middleware/AllowOriginMiddleware.php(50): think\Pipeline->think\{closure}()
#33 [internal function]: app\http\middleware\AllowOriginMiddleware->handle()
#34 /var/www/vendor/topthink/framework/src/think/Middleware.php(134): call_user_func()
#35 /var/www/vendor/topthink/framework/src/think/Pipeline.php(85): think\Middleware->think\{closure}()
#36 /var/www/app/http/middleware/InstallMiddleware.php(32): think\Pipeline->think\{closure}()
#37 [internal function]: app\http\middleware\InstallMiddleware->handle()
#38 /var/www/vendor/topthink/framework/src/think/Middleware.php(134): call_user_func()
#39 /var/www/vendor/topthink/framework/src/think/Pipeline.php(85): think\Middleware->think\{closure}()
#40 /var/www/vendor/topthink/framework/src/think/Pipeline.php(66): think\Pipeline->think\{closure}()
#41 /var/www/vendor/topthink/framework/src/think/Route.php(756): think\Pipeline->then()
#42 /var/www/vendor/topthink/framework/src/think/Http.php(208): think\Route->dispatch()
#43 /var/www/vendor/topthink/framework/src/think/Http.php(198): think\Http->dispatchToRoute()
#44 /var/www/vendor/topthink/framework/src/think/Pipeline.php(59): think\Http->think\{closure}()
#45 /var/www/vendor/topthink/framework/src/think/middleware/LoadLangPack.php(53): think\Pipeline->think\{closure}()
#46 [internal function]: think\middleware\LoadLangPack->handle()
#47 /var/www/vendor/topthink/framework/src/think/Middleware.php(134): call_user_func()
#48 /var/www/vendor/topthink/framework/src/think/Pipeline.php(85): think\Middleware->think\{closure}()
#49 /var/www/vendor/topthink/framework/src/think/middleware/SessionInit.php(58): think\Pipeline->think\{closure}()
#50 [internal function]: think\middleware\SessionInit->handle()
#51 /var/www/vendor/topthink/framework/src/think/Middleware.php(134): call_user_func()
#52 /var/www/vendor/topthink/framework/src/think/Pipeline.php(85): think\Middleware->think\{closure}()
#53 /var/www/crmeb/topthink/TraceDebug.php(43): think\Pipeline->think\{closure}()
#54 [internal function]: crmeb\topthink\TraceDebug->handle()
#55 /var/www/vendor/topthink/framework/src/think/Middleware.php(134): call_user_func()
#56 /var/www/vendor/topthink/framework/src/think/Pipeline.php(85): think\Middleware->think\{closure}()
#57 /var/www/vendor/topthink/framework/src/think/Pipeline.php(66): think\Pipeline->think\{closure}()
#58 /var/www/vendor/topthink/framework/src/think/Http.php(199): think\Pipeline->then()
#59 /var/www/vendor/topthink/framework/src/think/Http.php(162): think\Http->runWithRequest()
#60 /var/www/vendor/topthink/think-swoole/src/concerns/InteractsWithHttp.php(143): think\Http->run()
#61 /var/www/vendor/topthink/think-swoole/src/concerns/InteractsWithHttp.php(125): think\swoole\Manager->handleRequest()
#62 /var/www/vendor/topthink/framework/src/think/Container.php(295): think\swoole\Manager->think\swoole\concerns\{closure}()
#63 /var/www/vendor/topthink/framework/src/think/Container.php(359): think\Container->invokeFunction()
#64 /var/www/vendor/topthink/think-swoole/src/Sandbox.php(87): think\Container->invoke()
#65 /var/www/vendor/topthink/think-swoole/src/concerns/WithApplication.php(84): think\swoole\Sandbox->run()
#66 /var/www/vendor/topthink/think-swoole/src/concerns/InteractsWithHttp.php(134): think\swoole\Manager->runInSandbox()
#67 {main}
[2026-02-04T22:59:35+08:00][info] 整单退款状态判断: order_id=287, pay_price=0.04, total_refund=0.04, refund_status=1
[2026-02-04T22:59:35+08:00][info] 开始处理退款: {"order_id":285,"order_no":"wx750486104150376448","pay_type":"ums","pay_price":"0.07","online_pay_price":"0.07","balance_pay_price":"0.00","welfare_pay_price":"0.00","pay_type_detail":"empty","refund_price":"0.04"}
[2026-02-04T22:59:35+08:00][info] 进入单一支付方式退款流程,pay_type: ums
[2026-02-04T22:59:35+08:00][info] 匹配到银联支付退款 case, pay_type: ums
[2026-02-04T22:59:35+08:00][info] isH5Payment判断 - order_id=wx750486104150376448, pay_type=ums, pay_channel=, pay_type_detail="N\/A"
[2026-02-04T22:59:35+08:00][info] isH5Payment判断结果: false
[2026-02-04T22:59:35+08:00][info] 退款使用配置类型: mini
[2026-02-04T22:59:35+08:00][info] 子订单退款，构建单个子订单退款数据
[2026-02-04T22:59:35+08:00][info] 子订单 wx750486104150376448_2 开始构建单个子订单退款分账数据, 供应商ID=3, 退款金额=0.04
[2026-02-04T22:59:35+08:00][info] 子订单 wx750486104150376448_2 供应商已退金额: 0 元
[2026-02-04T22:59:35+08:00][info] 子订单 wx750486104150376448_2 供应商在线支付已收金额: 0.03 元
[2026-02-04T22:59:35+08:00][info] 子订单 wx750486104150376448_2 供应商剩余可退金额: 0.03 元
[2026-02-04T22:59:35+08:00][info] 子订单 wx750486104150376448_2 单个子订单退款分账数据构建成功: 供应商=小圆供应商, 退款金额=0.03元, 子订单号=3HD3SUB_wx750486104150376448_3
[2026-02-04T22:59:35+08:00][info] 银联退款参数 - 业务订单号: wx750486104150376448, 实际支付单号: 3HD3wx750486104150376448_1, 退款单号: wx750486104150376448_2615, 订单总金额: 0.07, 退款金额: 0.04, instMid: 
[2026-02-04T22:59:35+08:00][info] 分账退款数据: {"platformAmount":0,"subOrders":[{"mid":"898310100011808","merOrderId":"3HD3SUB_wx750486104150376448_3","totalAmount":"3"}]}
[2026-02-04T22:59:35+08:00][info] === 银联商务支付初始化 ===
[2026-02-04T22:59:35+08:00][info] 支付类型: mini
[2026-02-04T22:59:35+08:00][info] AppId: 8a81c1bd96cf23aa019b078242721f2a
[2026-02-04T22:59:35+08:00][info] 商户号: 898310100010854
[2026-02-04T22:59:35+08:00][info] 终端号: 41AUZ7C6
[2026-02-04T22:59:35+08:00][info] API地址: https://api-mop.chinaums.com
[2026-02-04T22:59:35+08:00][info] 环境: 生产
[2026-02-04T22:59:35+08:00][info] === 银联退款 ===
[2026-02-04T22:59:35+08:00][info] 原订单号: 3HD3wx750486104150376448_1
[2026-02-04T22:59:35+08:00][info] 退款订单号: wx750486104150376448_2615
[2026-02-04T22:59:35+08:00][info] 订单总金额: 0.07元
[2026-02-04T22:59:35+08:00][info] 退款金额: 0.04元
[2026-02-04T22:59:35+08:00][info] 分账退款数据: {"platformAmount":0,"subOrders":[{"mid":"898310100011808","merOrderId":"3HD3SUB_wx750486104150376448_3","totalAmount":"3"}]}
[2026-02-04T22:59:35+08:00][info] 银联订单号: 3HD3wx750486104150376448_1
[2026-02-04T22:59:35+08:00][info] 银联退款订单号: 3HD3wx750486104150376448_2615
[2026-02-04T22:59:35+08:00][info] 订单总金额(分): 7
[2026-02-04T22:59:35+08:00][info] 退款金额(分): 4
[2026-02-04T22:59:35+08:00][info] 分账退款子订单: [{"mid":"898310100011808","merOrderId":"3HD3SUB_wx750486104150376448_3","totalAmount":"3"}]
[2026-02-04T22:59:35+08:00][info] 请求参数: {"requestTimestamp":"2026-02-04 22:59:35","mid":"898310100010854","tid":"41AUZ7C6","merOrderId":"3HD3wx750486104150376448_1","refundOrderId":"3HD3wx750486104150376448_2615","refundAmount":"4","totalAmount":"7","orderDesc":"订单退款","platformAmount":0,"subOrders":[{"mid":"898310100011808","merOrderId":"3HD3SUB_wx750486104150376448_3","totalAmount":"3"}]}
[2026-02-04T22:59:35+08:00][info] 报文体: {"requestTimestamp":"2026-02-04 22:59:35","mid":"898310100010854","tid":"41AUZ7C6","merOrderId":"3HD3wx750486104150376448_1","refundOrderId":"3HD3wx750486104150376448_2615","refundAmount":"4","totalAmount":"7","orderDesc":"\u8ba2\u5355\u9000\u6b3e","platformAmount":0,"subOrders":[{"mid":"898310100011808","merOrderId":"3HD3SUB_wx750486104150376448_3","totalAmount":"3"}]}
[2026-02-04T22:59:35+08:00][info] 报文体SHA256: 9b48f573f11d5dbfec5f01b5a7e51e1206e107eb816a7624394208464bc2dc1e
[2026-02-04T22:59:35+08:00][info] 签名原串: 8a81c1bd96cf23aa019b078242721f2a20260204225935d979fecb55fb6be5bac566fac7565d109b48f573f11d5dbfec5f01b5a7e51e1206e107eb816a7624394208464bc2dc1e
[2026-02-04T22:59:35+08:00][info] 签名结果: dlit53aX1xF6w/zTpvfKeR4GL3WMkhJ8M1a/PMvuzOg=
[2026-02-04T22:59:35+08:00][info] Authorization: OPEN-BODY-SIG AppId="8a81c1bd96cf23aa019b078242721f2a",Timestamp="20260204225935",Nonce="d979fecb55fb6be5bac566fac7565d10",Signature="dlit53aX1xF6w/zTpvfKeR4GL3WMkhJ8M1a/PMvuzOg="
[2026-02-04T22:59:35+08:00][info] 响应数据: {"responseTimestamp":"2026-02-04 22:59:35","errCode":"BAD_REQUEST","errMsg":"退款订单总金额校验不通过"}
[2026-02-04T22:59:35+08:00][info] 银联退款调用失败: 退款失败: 退款订单总金额校验不通过
[2026-02-04T22:59:35+08:00][info] 异常堆栈: #0 /var/www/app/services/order/StoreOrderRefundServices.php(995): crmeb\services\UmsPayService->refund()
#1 /var/www/vendor/topthink/think-orm/src/db/PDOConnection.php(1521): app\services\order\StoreOrderRefundServices->app\services\order\{closure}()
#2 /var/www/vendor/topthink/think-swoole/src/pool/Proxy.php(83): think\db\PDOConnection->transaction()
#3 /var/www/vendor/topthink/think-swoole/src/pool/proxy/Connection.php(188): think\swoole\pool\Proxy->__call()
#4 [internal function]: think\swoole\pool\proxy\Connection->transaction()
#5 /var/www/vendor/topthink/think-orm/src/DbManager.php(409): call_user_func_array()
#6 [internal function]: think\DbManager->__call()
#7 /var/www/vendor/topthink/framework/src/think/Facade.php(97): call_user_func_array()
#8 /var/www/app/services/BaseServices.php(56): think\Facade::__callStatic()
#9 /var/www/app/services/order/StoreOrderRefundServices.php(1051): app\services\BaseServices->transaction()
#10 /var/www/app/common/controller/Order.php(957): app\services\order\StoreOrderRefundServices->agreeRefund()
#11 [internal function]: app\controller\admin\v1\order\StoreOrder->open_order_refund()
#12 /var/www/vendor/topthink/framework/src/think/Container.php(345): ReflectionMethod->invokeArgs()
#13 /var/www/vendor/topthink/framework/src/think/route/dispatch/Controller.php(110): think\Container->invokeReflectMethod()
#14 /var/www/vendor/topthink/framework/src/think/Pipeline.php(59): think\route\dispatch\Controller->think\route\dispatch\{closure}()
#15 /var/www/vendor/topthink/framework/src/think/Pipeline.php(66): think\Pipeline->think\{closure}()
#16 /var/www/vendor/topthink/framework/src/think/route/dispatch/Controller.php(113): think\Pipeline->then()
#17 /var/www/vendor/topthink/framework/src/think/route/Dispatch.php(52): think\route\dispatch\Controller->exec()
#18 /var/www/vendor/topthink/framework/src/think/Route.php(755): think\route\Dispatch->run()
#19 /var/www/vendor/topthink/framework/src/think/Pipeline.php(59): think\Route->think\{closure}()
#20 /var/www/app/http/middleware/admin/AdminLogMiddleware.php(40): think\Pipeline->think\{closure}()
#21 [internal function]: app\http\middleware\admin\AdminLogMiddleware->handle()
#22 /var/www/vendor/topthink/framework/src/think/Middleware.php(134): call_user_func()
#23 /var/www/vendor/topthink/framework/src/think/Pipeline.php(85): think\Middleware->think\{closure}()
#24 /var/www/app/http/middleware/admin/AdminCkeckRoleMiddleware.php(57): think\Pipeline->think\{closure}()
#25 [internal function]: app\http\middleware\admin\AdminCkeckRoleMiddleware->handle()
#26 /var/www/vendor/topthink/framework/src/think/Middleware.php(134): call_user_func()
#27 /var/www/vendor/topthink/framework/src/think/Pipeline.php(85): think\Middleware->think\{closure}()
#28 /var/www/app/http/middleware/admin/AdminAuthTokenMiddleware.php(39): think\Pipeline->think\{closure}()
#29 [internal function]: app\http\middleware\admin\AdminAuthTokenMiddleware->handle()
#30 /var/www/vendor/topthink/framework/src/think/Middleware.php(134): call_user_func()
#31 /var/www/vendor/topthink/framework/src/think/Pipeline.php(85): think\Middleware->think\{closure}()
#32 /var/www/app/http/middleware/AllowOriginMiddleware.php(50): think\Pipeline->think\{closure}()
#33 [internal function]: app\http\middleware\AllowOriginMiddleware->handle()
#34 /var/www/vendor/topthink/framework/src/think/Middleware.php(134): call_user_func()
#35 /var/www/vendor/topthink/framework/src/think/Pipeline.php(85): think\Middleware->think\{closure}()
#36 /var/www/app/http/middleware/InstallMiddleware.php(32): think\Pipeline->think\{closure}()
#37 [internal function]: app\http\middleware\InstallMiddleware->handle()
#38 /var/www/vendor/topthink/framework/src/think/Middleware.php(134): call_user_func()
#39 /var/www/vendor/topthink/framework/src/think/Pipeline.php(85): think\Middleware->think\{closure}()
#40 /var/www/vendor/topthink/framework/src/think/Pipeline.php(66): think\Pipeline->think\{closure}()
#41 /var/www/vendor/topthink/framework/src/think/Route.php(756): think\Pipeline->then()
#42 /var/www/vendor/topthink/framework/src/think/Http.php(208): think\Route->dispatch()
#43 /var/www/vendor/topthink/framework/src/think/Http.php(198): think\Http->dispatchToRoute()
#44 /var/www/vendor/topthink/framework/src/think/Pipeline.php(59): think\Http->think\{closure}()
#45 /var/www/vendor/topthink/framework/src/think/middleware/LoadLangPack.php(53): think\Pipeline->think\{closure}()
#46 [internal function]: think\middleware\LoadLangPack->handle()
#47 /var/www/vendor/topthink/framework/src/think/Middleware.php(134): call_user_func()
#48 /var/www/vendor/topthink/framework/src/think/Pipeline.php(85): think\Middleware->think\{closure}()
#49 /var/www/vendor/topthink/framework/src/think/middleware/SessionInit.php(58): think\Pipeline->think\{closure}()
#50 [internal function]: think\middleware\SessionInit->handle()
#51 /var/www/vendor/topthink/framework/src/think/Middleware.php(134): call_user_func()
#52 /var/www/vendor/topthink/framework/src/think/Pipeline.php(85): think\Middleware->think\{closure}()
#53 /var/www/crmeb/topthink/TraceDebug.php(43): think\Pipeline->think\{closure}()
#54 [internal function]: crmeb\topthink\TraceDebug->handle()
#55 /var/www/vendor/topthink/framework/src/think/Middleware.php(134): call_user_func()
#56 /var/www/vendor/topthink/framework/src/think/Pipeline.php(85): think\Middleware->think\{closure}()
#57 /var/www/vendor/topthink/framework/src/think/Pipeline.php(66): think\Pipeline->think\{closure}()
#58 /var/www/vendor/topthink/framework/src/think/Http.php(199): think\Pipeline->then()
#59 /var/www/vendor/topthink/framework/src/think/Http.php(162): think\Http->runWithRequest()
#60 /var/www/vendor/topthink/think-swoole/src/concerns/InteractsWithHttp.php(143): think\Http->run()
#61 /var/www/vendor/topthink/think-swoole/src/concerns/InteractsWithHttp.php(125): think\swoole\Manager->handleRequest()
#62 /var/www/vendor/topthink/framework/src/think/Container.php(295): think\swoole\Manager->think\swoole\concerns\{closure}()
#63 /var/www/vendor/topthink/framework/src/think/Container.php(359): think\Container->invokeFunction()
#64 /var/www/vendor/topthink/think-swoole/src/Sandbox.php(87): think\Container->invoke()
#65 /var/www/vendor/topthink/think-swoole/src/concerns/WithApplication.php(84): think\swoole\Sandbox->run()
#66 /var/www/vendor/topthink/think-swoole/src/concerns/InteractsWithHttp.php(134): think\swoole\Manager->runInSandbox()
#67 {main}
[2026-02-04T23:39:32+08:00][info] 整单退款状态判断: order_id=287, pay_price=0.04, total_refund=0.04, refund_status=1
[2026-02-04T23:39:32+08:00][info] 开始处理退款: {"order_id":285,"order_no":"wx750486104150376448","pay_type":"ums","pay_price":"0.07","online_pay_price":"0.07","balance_pay_price":"0.00","welfare_pay_price":"0.00","pay_type_detail":"empty","refund_price":"0.04"}
[2026-02-04T23:39:32+08:00][info] 进入单一支付方式退款流程,pay_type: ums
[2026-02-04T23:39:32+08:00][info] 匹配到银联支付退款 case, pay_type: ums
[2026-02-04T23:39:32+08:00][info] isH5Payment判断 - order_id=wx750486104150376448, pay_type=ums, pay_channel=, pay_type_detail="N\/A"
[2026-02-04T23:39:32+08:00][info] isH5Payment判断结果: false
[2026-02-04T23:39:32+08:00][info] 退款使用配置类型: mini
[2026-02-04T23:39:32+08:00][info] 子订单退款，构建单个子订单退款数据
[2026-02-04T23:39:32+08:00][info] 子订单 wx750486104150376448_2 开始构建单个子订单退款分账数据, 供应商ID=3, 退款金额=0.04
[2026-02-04T23:39:32+08:00][info] 子订单 wx750486104150376448_2 使用订单号查询到分账记录数: 1
[2026-02-04T23:39:32+08:00][info] 子订单 wx750486104150376448_2 分账记录[0]: id=114, type=online, share=0.03, platform=0.01, total=0.04
[2026-02-04T23:39:32+08:00][info] 子订单 wx750486104150376448_2 处理分账记录: type=online, share=0.03, platform=0.01, total=0.04
[2026-02-04T23:39:32+08:00][info] 子订单 wx750486104150376448_2 汇总结果: 供应商在线=0.03, 平台在线=0.01, 总在线=0.04
[2026-02-04T23:39:32+08:00][info] 子订单 wx750486104150376448_2 支付时分账明细: 供应商在线=0.03, 平台在线=0.01, 总在线=0.04, 补贴=0.00
[2026-02-04T23:39:32+08:00][info] 子订单 wx750486104150376448_2 已退款金额: 供应商=0, 平台=0
[2026-02-04T23:39:32+08:00][info] 子订单 wx750486104150376448_2 剩余可退金额: 供应商=0.03, 平台=0.01, 总计=0.04
[2026-02-04T23:39:32+08:00][info] 子订单 wx750486104150376448_2 退款分配: 供应商=0.03, 平台=0.01, 比例=1.000000
[2026-02-04T23:39:32+08:00][info] 子订单 wx750486104150376448_2 添加供应商退款分账: 金额=0.03元, 子订单号=3HD3SUB_wx750486104150376448_3
[2026-02-04T23:39:32+08:00][info] 订单 wx750486104150376448_2 未找到平台子订单记录，平台子订单不存在
[2026-02-04T23:39:32+08:00][info] 子订单 wx750486104150376448_2 将平台退款金额0.01元合并到供应商退款金额
[2026-02-04T23:39:32+08:00][info] 子订单 wx750486104150376448_2 单个子订单退款分账数据构建成功: 供应商=小圆供应商, 退款金额=0.04元, 子订单数=1
[2026-02-04T23:39:32+08:00][info] 银联退款参数 - 业务订单号: wx750486104150376448, 实际支付单号: 3HD3wx750486104150376448_1, 退款单号: wx750486104150376448_2525, 订单总金额: 0.07, 退款金额: 0.04, instMid: 
[2026-02-04T23:39:32+08:00][info] 分账退款数据: {"platformAmount":0,"subOrders":[{"mid":"898310100011808","merOrderId":"3HD3SUB_wx750486104150376448_3","totalAmount":"4"}]}
[2026-02-04T23:39:32+08:00][info] === 银联商务支付初始化 ===
[2026-02-04T23:39:32+08:00][info] 支付类型: mini
[2026-02-04T23:39:32+08:00][info] AppId: 8a81c1bd96cf23aa019b078242721f2a
[2026-02-04T23:39:32+08:00][info] 商户号: 898310100010854
[2026-02-04T23:39:32+08:00][info] 终端号: 41AUZ7C6
[2026-02-04T23:39:32+08:00][info] API地址: https://api-mop.chinaums.com
[2026-02-04T23:39:32+08:00][info] 环境: 生产
[2026-02-04T23:39:32+08:00][info] === 银联退款 ===
[2026-02-04T23:39:32+08:00][info] 原订单号: 3HD3wx750486104150376448_1
[2026-02-04T23:39:32+08:00][info] 退款订单号: wx750486104150376448_2525
[2026-02-04T23:39:32+08:00][info] 订单总金额: 0.07元
[2026-02-04T23:39:32+08:00][info] 退款金额: 0.04元
[2026-02-04T23:39:32+08:00][info] 分账退款数据: {"platformAmount":0,"subOrders":[{"mid":"898310100011808","merOrderId":"3HD3SUB_wx750486104150376448_3","totalAmount":"4"}]}
[2026-02-04T23:39:32+08:00][info] 银联订单号: 3HD3wx750486104150376448_1
[2026-02-04T23:39:32+08:00][info] 银联退款订单号: 3HD3wx750486104150376448_2525
[2026-02-04T23:39:32+08:00][info] 订单总金额(分): 7
[2026-02-04T23:39:32+08:00][info] 退款金额(分): 4
[2026-02-04T23:39:32+08:00][info] 分账退款子订单: [{"mid":"898310100011808","merOrderId":"3HD3SUB_wx750486104150376448_3","totalAmount":"4"}]
[2026-02-04T23:39:32+08:00][info] 请求参数: {"requestTimestamp":"2026-02-04 23:39:32","mid":"898310100010854","tid":"41AUZ7C6","merOrderId":"3HD3wx750486104150376448_1","refundOrderId":"3HD3wx750486104150376448_2525","refundAmount":"4","totalAmount":"7","orderDesc":"订单退款","platformAmount":0,"subOrders":[{"mid":"898310100011808","merOrderId":"3HD3SUB_wx750486104150376448_3","totalAmount":"4"}]}
[2026-02-04T23:39:32+08:00][info] 报文体: {"requestTimestamp":"2026-02-04 23:39:32","mid":"898310100010854","tid":"41AUZ7C6","merOrderId":"3HD3wx750486104150376448_1","refundOrderId":"3HD3wx750486104150376448_2525","refundAmount":"4","totalAmount":"7","orderDesc":"\u8ba2\u5355\u9000\u6b3e","platformAmount":0,"subOrders":[{"mid":"898310100011808","merOrderId":"3HD3SUB_wx750486104150376448_3","totalAmount":"4"}]}
[2026-02-04T23:39:32+08:00][info] 报文体SHA256: 84c7ad83f9c9acf43acb9ea01fcb5ba5a3cbcd4693b77d9455fc38bb2bcbab18
[2026-02-04T23:39:32+08:00][info] 签名原串: 8a81c1bd96cf23aa019b078242721f2a20260204233932e5d4f00a7a00adf1298b66cb40f2d21184c7ad83f9c9acf43acb9ea01fcb5ba5a3cbcd4693b77d9455fc38bb2bcbab18
[2026-02-04T23:39:32+08:00][info] 签名结果: KaIbiR08kL533e67fRn8iaWSYL2A1egzFL7RE5l/9Vw=
[2026-02-04T23:39:32+08:00][info] Authorization: OPEN-BODY-SIG AppId="8a81c1bd96cf23aa019b078242721f2a",Timestamp="20260204233932",Nonce="e5d4f00a7a00adf1298b66cb40f2d211",Signature="KaIbiR08kL533e67fRn8iaWSYL2A1egzFL7RE5l/9Vw="
[2026-02-04T23:39:32+08:00][info] 响应数据: {"responseTimestamp":"2026-02-04 23:39:32","errCode":"BAD_REQUEST","errMsg":"子商户898310100011808子订单号3HD3SUB_wx750486104150376448_3退货金额校验不通过,已退0.0元,还可退0.03元"}
[2026-02-04T23:39:32+08:00][info] 银联退款调用失败: 退款失败: 子商户898310100011808子订单号3HD3SUB_wx750486104150376448_3退货金额校验不通过,已退0.0元,还可退0.03元
[2026-02-04T23:39:32+08:00][info] 异常堆栈: #0 /var/www/app/services/order/StoreOrderRefundServices.php(995): crmeb\services\UmsPayService->refund()
#1 /var/www/vendor/topthink/think-orm/src/db/PDOConnection.php(1521): app\services\order\StoreOrderRefundServices->app\services\order\{closure}()
#2 /var/www/vendor/topthink/think-swoole/src/pool/Proxy.php(83): think\db\PDOConnection->transaction()
#3 /var/www/vendor/topthink/think-swoole/src/pool/proxy/Connection.php(188): think\swoole\pool\Proxy->__call()
#4 [internal function]: think\swoole\pool\proxy\Connection->transaction()
#5 /var/www/vendor/topthink/think-orm/src/DbManager.php(409): call_user_func_array()
#6 [internal function]: think\DbManager->__call()
#7 /var/www/vendor/topthink/framework/src/think/Facade.php(97): call_user_func_array()
#8 /var/www/app/services/BaseServices.php(56): think\Facade::__callStatic()
#9 /var/www/app/services/order/StoreOrderRefundServices.php(1051): app\services\BaseServices->transaction()
#10 /var/www/app/common/controller/Order.php(957): app\services\order\StoreOrderRefundServices->agreeRefund()
#11 [internal function]: app\controller\admin\v1\order\StoreOrder->open_order_refund()
#12 /var/www/vendor/topthink/framework/src/think/Container.php(345): ReflectionMethod->invokeArgs()
#13 /var/www/vendor/topthink/framework/src/think/route/dispatch/Controller.php(110): think\Container->invokeReflectMethod()
#14 /var/www/vendor/topthink/framework/src/think/Pipeline.php(59): think\route\dispatch\Controller->think\route\dispatch\{closure}()
#15 /var/www/vendor/topthink/framework/src/think/Pipeline.php(66): think\Pipeline->think\{closure}()
#16 /var/www/vendor/topthink/framework/src/think/route/dispatch/Controller.php(113): think\Pipeline->then()
#17 /var/www/vendor/topthink/framework/src/think/route/Dispatch.php(52): think\route\dispatch\Controller->exec()
#18 /var/www/vendor/topthink/framework/src/think/Route.php(755): think\route\Dispatch->run()
#19 /var/www/vendor/topthink/framework/src/think/Pipeline.php(59): think\Route->think\{closure}()
#20 /var/www/app/http/middleware/admin/AdminLogMiddleware.php(40): think\Pipeline->think\{closure}()
#21 [internal function]: app\http\middleware\admin\AdminLogMiddleware->handle()
#22 /var/www/vendor/topthink/framework/src/think/Middleware.php(134): call_user_func()
#23 /var/www/vendor/topthink/framework/src/think/Pipeline.php(85): think\Middleware->think\{closure}()
#24 /var/www/app/http/middleware/admin/AdminCkeckRoleMiddleware.php(57): think\Pipeline->think\{closure}()
#25 [internal function]: app\http\middleware\admin\AdminCkeckRoleMiddleware->handle()
#26 /var/www/vendor/topthink/framework/src/think/Middleware.php(134): call_user_func()
#27 /var/www/vendor/topthink/framework/src/think/Pipeline.php(85): think\Middleware->think\{closure}()
#28 /var/www/app/http/middleware/admin/AdminAuthTokenMiddleware.php(39): think\Pipeline->think\{closure}()
#29 [internal function]: app\http\middleware\admin\AdminAuthTokenMiddleware->handle()
#30 /var/www/vendor/topthink/framework/src/think/Middleware.php(134): call_user_func()
#31 /var/www/vendor/topthink/framework/src/think/Pipeline.php(85): think\Middleware->think\{closure}()
#32 /var/www/app/http/middleware/AllowOriginMiddleware.php(50): think\Pipeline->think\{closure}()
#33 [internal function]: app\http\middleware\AllowOriginMiddleware->handle()
#34 /var/www/vendor/topthink/framework/src/think/Middleware.php(134): call_user_func()
#35 /var/www/vendor/topthink/framework/src/think/Pipeline.php(85): think\Middleware->think\{closure}()
#36 /var/www/app/http/middleware/InstallMiddleware.php(32): think\Pipeline->think\{closure}()
#37 [internal function]: app\http\middleware\InstallMiddleware->handle()
#38 /var/www/vendor/topthink/framework/src/think/Middleware.php(134): call_user_func()
#39 /var/www/vendor/topthink/framework/src/think/Pipeline.php(85): think\Middleware->think\{closure}()
#40 /var/www/vendor/topthink/framework/src/think/Pipeline.php(66): think\Pipeline->think\{closure}()
#41 /var/www/vendor/topthink/framework/src/think/Route.php(756): think\Pipeline->then()
#42 /var/www/vendor/topthink/framework/src/think/Http.php(208): think\Route->dispatch()
#43 /var/www/vendor/topthink/framework/src/think/Http.php(198): think\Http->dispatchToRoute()
#44 /var/www/vendor/topthink/framework/src/think/Pipeline.php(59): think\Http->think\{closure}()
#45 /var/www/vendor/topthink/framework/src/think/middleware/LoadLangPack.php(53): think\Pipeline->think\{closure}()
#46 [internal function]: think\middleware\LoadLangPack->handle()
#47 /var/www/vendor/topthink/framework/src/think/Middleware.php(134): call_user_func()
#48 /var/www/vendor/topthink/framework/src/think/Pipeline.php(85): think\Middleware->think\{closure}()
#49 /var/www/vendor/topthink/framework/src/think/middleware/SessionInit.php(58): think\Pipeline->think\{closure}()
#50 [internal function]: think\middleware\SessionInit->handle()
#51 /var/www/vendor/topthink/framework/src/think/Middleware.php(134): call_user_func()
#52 /var/www/vendor/topthink/framework/src/think/Pipeline.php(85): think\Middleware->think\{closure}()
#53 /var/www/crmeb/topthink/TraceDebug.php(43): think\Pipeline->think\{closure}()
#54 [internal function]: crmeb\topthink\TraceDebug->handle()
#55 /var/www/vendor/topthink/framework/src/think/Middleware.php(134): call_user_func()
#56 /var/www/vendor/topthink/framework/src/think/Pipeline.php(85): think\Middleware->think\{closure}()
#57 /var/www/vendor/topthink/framework/src/think/Pipeline.php(66): think\Pipeline->think\{closure}()
#58 /var/www/vendor/topthink/framework/src/think/Http.php(199): think\Pipeline->then()
#59 /var/www/vendor/topthink/framework/src/think/Http.php(162): think\Http->runWithRequest()
#60 /var/www/vendor/topthink/think-swoole/src/concerns/InteractsWithHttp.php(143): think\Http->run()
#61 /var/www/vendor/topthink/think-swoole/src/concerns/InteractsWithHttp.php(125): think\swoole\Manager->handleRequest()
#62 /var/www/vendor/topthink/framework/src/think/Container.php(295): think\swoole\Manager->think\swoole\concerns\{closure}()
#63 /var/www/vendor/topthink/framework/src/think/Container.php(359): think\Container->invokeFunction()
#64 /var/www/vendor/topthink/think-swoole/src/Sandbox.php(87): think\Container->invoke()
#65 /var/www/vendor/topthink/think-swoole/src/concerns/WithApplication.php(84): think\swoole\Sandbox->run()
#66 /var/www/vendor/topthink/think-swoole/src/concerns/InteractsWithHttp.php(134): think\swoole\Manager->runInSandbox()
#67 {main}
